
Running 51 tests using 3 workers

(node:29632) Warning: The 'NO_COLOR' env is ignored due to the 'FORCE_COLOR' env being set.
(Use `node --trace-warnings ...` to show where the warning was created)
(node:17040) Warning: The 'NO_COLOR' env is ignored due to the 'FORCE_COLOR' env being set.
(Use `node --trace-warnings ...` to show where the warning was created)
(node:2152) Warning: The 'NO_COLOR' env is ignored due to the 'FORCE_COLOR' env being set.
(Use `node --trace-warnings ...` to show where the warning was created)
  ok  2 [mobile] › tests\e2e\visual-regression.spec.js:8:7 › visual baseline HOME (10.9s)
  ok  1 [desktop] › tests\e2e\visual-regression.spec.js:8:7 › visual baseline HOME (11.4s)
  ok  3 [tablet] › tests\e2e\visual-regression.spec.js:8:7 › visual baseline HOME (13.5s)
  ok  4 [mobile] › tests\e2e\visual-regression.spec.js:8:7 › visual baseline SCAN (5.0s)
  ok  5 [desktop] › tests\e2e\visual-regression.spec.js:8:7 › visual baseline SCAN (5.0s)
  ok  6 [tablet] › tests\e2e\visual-regression.spec.js:8:7 › visual baseline SCAN (4.9s)
  ok  7 [mobile] › tests\e2e\visual-regression.spec.js:8:7 › visual baseline HISTORY (4.6s)
  ok  8 [desktop] › tests\e2e\visual-regression.spec.js:8:7 › visual baseline HISTORY (4.9s)
  ok  9 [tablet] › tests\e2e\visual-regression.spec.js:8:7 › visual baseline HISTORY (4.4s)
  ok 10 [mobile] › tests\e2e\visual-regression.spec.js:8:7 › visual baseline PROFILE (4.6s)
  ok 11 [desktop] › tests\e2e\visual-regression.spec.js:8:7 › visual baseline PROFILE (5.2s)
  ok 12 [tablet] › tests\e2e\visual-regression.spec.js:8:7 › visual baseline PROFILE (5.7s)
  ok 13 [mobile] › tests\e2e\visual-regression.spec.js:8:7 › visual baseline AGENTS (5.4s)
  ok 14 [desktop] › tests\e2e\visual-regression.spec.js:8:7 › visual baseline AGENTS (5.7s)
  ok 15 [tablet] › tests\e2e\visual-regression.spec.js:8:7 › visual baseline AGENTS (4.6s)
  ok 16 [mobile] › tests\e2e\visual-regression.spec.js:8:7 › visual baseline CARE (4.3s)
  ok 17 [desktop] › tests\e2e\visual-regression.spec.js:8:7 › visual baseline CARE (4.2s)
  ok 18 [tablet] › tests\e2e\visual-regression.spec.js:8:7 › visual baseline CARE (4.3s)
  ok 19 [mobile] › tests\e2e\visual-regression.spec.js:8:7 › visual baseline BODY_CHECK (4.3s)
  ok 20 [desktop] › tests\e2e\visual-regression.spec.js:8:7 › visual baseline BODY_CHECK (4.1s)
  ok 21 [tablet] › tests\e2e\visual-regression.spec.js:8:7 › visual baseline BODY_CHECK (4.3s)
  ok 22 [mobile] › tests\e2e\visual-regression.spec.js:8:7 › visual baseline RECORDS (4.3s)
  ok 23 [desktop] › tests\e2e\visual-regression.spec.js:8:7 › visual baseline RECORDS (5.3s)
  ok 24 [tablet] › tests\e2e\visual-regression.spec.js:8:7 › visual baseline RECORDS (7.3s)
  ok 25 [mobile] › tests\e2e\visual-regression.spec.js:8:7 › visual baseline ASSISTANT (7.1s)
  ok 26 [desktop] › tests\e2e\visual-regression.spec.js:8:7 › visual baseline ASSISTANT (5.5s)
  ok 28 [mobile] › tests\e2e\visual-regression.spec.js:8:7 › visual baseline PLANS (5.4s)
  ok 27 [tablet] › tests\e2e\visual-regression.spec.js:8:7 › visual baseline ASSISTANT (5.9s)
  ok 29 [desktop] › tests\e2e\visual-regression.spec.js:8:7 › visual baseline PLANS (5.5s)
  ok 31 [tablet] › tests\e2e\visual-regression.spec.js:8:7 › visual baseline PLANS (4.0s)
  ok 30 [mobile] › tests\e2e\visual-regression.spec.js:8:7 › visual baseline SETTINGS (4.4s)
  ok 32 [desktop] › tests\e2e\visual-regression.spec.js:8:7 › visual baseline SETTINGS (4.2s)
  ok 33 [tablet] › tests\e2e\visual-regression.spec.js:8:7 › visual baseline SETTINGS (5.5s)
  ok 35 [desktop] › tests\e2e\visual-regression.spec.js:8:7 › visual baseline FEEDBACK (5.8s)
  ok 34 [mobile] › tests\e2e\visual-regression.spec.js:8:7 › visual baseline FEEDBACK (5.9s)
  ok 36 [tablet] › tests\e2e\visual-regression.spec.js:8:7 › visual baseline FEEDBACK (8.5s)
  ok 37 [desktop] › tests\e2e\visual-regression.spec.js:8:7 › visual baseline COLLABORATION (9.0s)
  ok 38 [mobile] › tests\e2e\visual-regression.spec.js:8:7 › visual baseline COLLABORATION (9.0s)
  ok 39 [tablet] › tests\e2e\visual-regression.spec.js:8:7 › visual baseline COLLABORATION (6.4s)
  ok 41 [mobile] › tests\e2e\visual-regression.spec.js:8:7 › visual baseline LIBRARY (6.4s)
  ok 40 [desktop] › tests\e2e\visual-regression.spec.js:8:7 › visual baseline LIBRARY (6.6s)
  ok 42 [tablet] › tests\e2e\visual-regression.spec.js:8:7 › visual baseline LIBRARY (6.7s)
  ok 43 [mobile] › tests\e2e\visual-regression.spec.js:8:7 › visual baseline ADMIN (6.7s)
  ok 44 [desktop] › tests\e2e\visual-regression.spec.js:8:7 › visual baseline ADMIN (6.7s)
  ok 45 [tablet] › tests\e2e\visual-regression.spec.js:8:7 › visual baseline ADMIN (7.7s)
  ok 46 [mobile] › tests\e2e\visual-regression.spec.js:21:5 › golden retriever fixture loads and is accepted by the demo image flow (7.9s)
  ok 47 [desktop] › tests\e2e\visual-regression.spec.js:21:5 › golden retriever fixture loads and is accepted by the demo image flow (8.0s)
  ok 48 [tablet] › tests\e2e\visual-regression.spec.js:21:5 › golden retriever fixture loads and is accepted by the demo image flow (5.1s)
  ok 50 [desktop] › tests\e2e\visual-regression.spec.js:36:5 › demo exercises two synthetic pets with five observations each (5.4s)
  ok 49 [mobile] › tests\e2e\visual-regression.spec.js:36:5 › demo exercises two synthetic pets with five observations each (5.7s)
  ok 51 [tablet] › tests\e2e\visual-regression.spec.js:36:5 › demo exercises two synthetic pets with five observations each (5.9s)

  51 passed (2.3m)
