
Running 51 tests using 3 workers

(node:31532) Warning: The 'NO_COLOR' env is ignored due to the 'FORCE_COLOR' env being set.
(Use `node --trace-warnings ...` to show where the warning was created)
(node:27832) Warning: The 'NO_COLOR' env is ignored due to the 'FORCE_COLOR' env being set.
(Use `node --trace-warnings ...` to show where the warning was created)
(node:7016) Warning: The 'NO_COLOR' env is ignored due to the 'FORCE_COLOR' env being set.
(Use `node --trace-warnings ...` to show where the warning was created)
  x   2 [tablet] › tests\e2e\visual-regression.spec.js:8:7 › visual baseline HOME (9.9s)
  x   1 [desktop] › tests\e2e\visual-regression.spec.js:8:7 › visual baseline HOME (10.1s)
(node:28288) Warning: The 'NO_COLOR' env is ignored due to the 'FORCE_COLOR' env being set.
(Use `node --trace-warnings ...` to show where the warning was created)
(node:30784) Warning: The 'NO_COLOR' env is ignored due to the 'FORCE_COLOR' env being set.
(Use `node --trace-warnings ...` to show where the warning was created)
  x   3 [mobile] › tests\e2e\visual-regression.spec.js:8:7 › visual baseline HOME (10.3s)
(node:26632) Warning: The 'NO_COLOR' env is ignored due to the 'FORCE_COLOR' env being set.
(Use `node --trace-warnings ...` to show where the warning was created)
  x   4 [desktop] › tests\e2e\visual-regression.spec.js:8:7 › visual baseline SCAN (10.1s)
  x   5 [tablet] › tests\e2e\visual-regression.spec.js:8:7 › visual baseline SCAN (10.2s)
(node:21316) Warning: The 'NO_COLOR' env is ignored due to the 'FORCE_COLOR' env being set.
(Use `node --trace-warnings ...` to show where the warning was created)
(node:33264) Warning: The 'NO_COLOR' env is ignored due to the 'FORCE_COLOR' env being set.
(Use `node --trace-warnings ...` to show where the warning was created)
  x   6 [mobile] › tests\e2e\visual-regression.spec.js:8:7 › visual baseline SCAN (11.4s)
(node:688) Warning: The 'NO_COLOR' env is ignored due to the 'FORCE_COLOR' env being set.
(Use `node --trace-warnings ...` to show where the warning was created)
  x   7 [desktop] › tests\e2e\visual-regression.spec.js:8:7 › visual baseline HISTORY (9.9s)
(node:24144) Warning: The 'NO_COLOR' env is ignored due to the 'FORCE_COLOR' env being set.
(Use `node --trace-warnings ...` to show where the warning was created)
  x   9 [mobile] › tests\e2e\visual-regression.spec.js:8:7 › visual baseline HISTORY (9.9s)
(node:32488) Warning: The 'NO_COLOR' env is ignored due to the 'FORCE_COLOR' env being set.
(Use `node --trace-warnings ...` to show where the warning was created)
  x   8 [tablet] › tests\e2e\visual-regression.spec.js:8:7 › visual baseline HISTORY (9.9s)
(node:22340) Warning: The 'NO_COLOR' env is ignored due to the 'FORCE_COLOR' env being set.
(Use `node --trace-warnings ...` to show where the warning was created)
  x  11 [mobile] › tests\e2e\visual-regression.spec.js:8:7 › visual baseline PROFILE (11.5s)
  x  10 [desktop] › tests\e2e\visual-regression.spec.js:8:7 › visual baseline PROFILE (11.8s)
(node:33972) Warning: The 'NO_COLOR' env is ignored due to the 'FORCE_COLOR' env being set.
(Use `node --trace-warnings ...` to show where the warning was created)
(node:23148) Warning: The 'NO_COLOR' env is ignored due to the 'FORCE_COLOR' env being set.
(Use `node --trace-warnings ...` to show where the warning was created)
  x  12 [tablet] › tests\e2e\visual-regression.spec.js:8:7 › visual baseline PROFILE (10.8s)
(node:26536) Warning: The 'NO_COLOR' env is ignored due to the 'FORCE_COLOR' env being set.
(Use `node --trace-warnings ...` to show where the warning was created)
  x  14 [desktop] › tests\e2e\visual-regression.spec.js:8:7 › visual baseline AGENTS (11.5s)
  x  13 [mobile] › tests\e2e\visual-regression.spec.js:8:7 › visual baseline AGENTS (12.0s)
(node:11976) Warning: The 'NO_COLOR' env is ignored due to the 'FORCE_COLOR' env being set.
(Use `node --trace-warnings ...` to show where the warning was created)
(node:33660) Warning: The 'NO_COLOR' env is ignored due to the 'FORCE_COLOR' env being set.
(Use `node --trace-warnings ...` to show where the warning was created)
  x  15 [tablet] › tests\e2e\visual-regression.spec.js:8:7 › visual baseline AGENTS (11.6s)
(node:10984) Warning: The 'NO_COLOR' env is ignored due to the 'FORCE_COLOR' env being set.
(Use `node --trace-warnings ...` to show where the warning was created)
  x  18 [tablet] › tests\e2e\visual-regression.spec.js:8:7 › visual baseline CARE (10.7s)
  x  17 [mobile] › tests\e2e\visual-regression.spec.js:8:7 › visual baseline CARE (10.3s)
(node:30336) Warning: The 'NO_COLOR' env is ignored due to the 'FORCE_COLOR' env being set.
(Use `node --trace-warnings ...` to show where the warning was created)
  x  16 [desktop] › tests\e2e\visual-regression.spec.js:8:7 › visual baseline CARE (10.0s)
(node:31932) Warning: The 'NO_COLOR' env is ignored due to the 'FORCE_COLOR' env being set.
(Use `node --trace-warnings ...` to show where the warning was created)
(node:11780) Warning: The 'NO_COLOR' env is ignored due to the 'FORCE_COLOR' env being set.
(Use `node --trace-warnings ...` to show where the warning was created)
  x  19 [tablet] › tests\e2e\visual-regression.spec.js:8:7 › visual baseline BODY_CHECK (9.6s)
(node:19912) Warning: The 'NO_COLOR' env is ignored due to the 'FORCE_COLOR' env being set.
(Use `node --trace-warnings ...` to show where the warning was created)
  x  21 [desktop] › tests\e2e\visual-regression.spec.js:8:7 › visual baseline BODY_CHECK (9.4s)
  x  20 [mobile] › tests\e2e\visual-regression.spec.js:8:7 › visual baseline BODY_CHECK (9.8s)
(node:2684) Warning: The 'NO_COLOR' env is ignored due to the 'FORCE_COLOR' env being set.
(Use `node --trace-warnings ...` to show where the warning was created)
(node:13636) Warning: The 'NO_COLOR' env is ignored due to the 'FORCE_COLOR' env being set.
(Use `node --trace-warnings ...` to show where the warning was created)
  x  23 [desktop] › tests\e2e\visual-regression.spec.js:8:7 › visual baseline RECORDS (9.6s)
(node:20684) Warning: The 'NO_COLOR' env is ignored due to the 'FORCE_COLOR' env being set.
(Use `node --trace-warnings ...` to show where the warning was created)
  x  22 [tablet] › tests\e2e\visual-regression.spec.js:8:7 › visual baseline RECORDS (9.9s)
  x  24 [mobile] › tests\e2e\visual-regression.spec.js:8:7 › visual baseline RECORDS (9.8s)
(node:31384) Warning: The 'NO_COLOR' env is ignored due to the 'FORCE_COLOR' env being set.
(Use `node --trace-warnings ...` to show where the warning was created)
(node:12948) Warning: The 'NO_COLOR' env is ignored due to the 'FORCE_COLOR' env being set.
(Use `node --trace-warnings ...` to show where the warning was created)
  x  25 [desktop] › tests\e2e\visual-regression.spec.js:8:7 › visual baseline ASSISTANT (10.2s)
(node:33468) Warning: The 'NO_COLOR' env is ignored due to the 'FORCE_COLOR' env being set.
(Use `node --trace-warnings ...` to show where the warning was created)
  x  26 [tablet] › tests\e2e\visual-regression.spec.js:8:7 › visual baseline ASSISTANT (10.0s)
  x  27 [mobile] › tests\e2e\visual-regression.spec.js:8:7 › visual baseline ASSISTANT (10.5s)
(node:12708) Warning: The 'NO_COLOR' env is ignored due to the 'FORCE_COLOR' env being set.
(Use `node --trace-warnings ...` to show where the warning was created)
(node:34628) Warning: The 'NO_COLOR' env is ignored due to the 'FORCE_COLOR' env being set.
(Use `node --trace-warnings ...` to show where the warning was created)
  x  28 [desktop] › tests\e2e\visual-regression.spec.js:8:7 › visual baseline PLANS (11.2s)
(node:30876) Warning: The 'NO_COLOR' env is ignored due to the 'FORCE_COLOR' env being set.
(Use `node --trace-warnings ...` to show where the warning was created)
  x  29 [mobile] › tests\e2e\visual-regression.spec.js:8:7 › visual baseline PLANS (9.8s)
  x  30 [tablet] › tests\e2e\visual-regression.spec.js:8:7 › visual baseline PLANS (9.7s)
(node:31656) Warning: The 'NO_COLOR' env is ignored due to the 'FORCE_COLOR' env being set.
(Use `node --trace-warnings ...` to show where the warning was created)
(node:25380) Warning: The 'NO_COLOR' env is ignored due to the 'FORCE_COLOR' env being set.
(Use `node --trace-warnings ...` to show where the warning was created)
  x  31 [desktop] › tests\e2e\visual-regression.spec.js:8:7 › visual baseline SETTINGS (9.7s)
(node:8884) Warning: The 'NO_COLOR' env is ignored due to the 'FORCE_COLOR' env being set.
(Use `node --trace-warnings ...` to show where the warning was created)
  x  33 [tablet] › tests\e2e\visual-regression.spec.js:8:7 › visual baseline SETTINGS (9.3s)
(node:28700) Warning: The 'NO_COLOR' env is ignored due to the 'FORCE_COLOR' env being set.
(Use `node --trace-warnings ...` to show where the warning was created)
  x  34 [desktop] › tests\e2e\visual-regression.spec.js:8:7 › visual baseline FEEDBACK (9.4s)
(node:34952) Warning: The 'NO_COLOR' env is ignored due to the 'FORCE_COLOR' env being set.
(Use `node --trace-warnings ...` to show where the warning was created)
  x  32 [mobile] › tests\e2e\visual-regression.spec.js:8:7 › visual baseline SETTINGS (9.4s)
(node:27264) Warning: The 'NO_COLOR' env is ignored due to the 'FORCE_COLOR' env being set.
(Use `node --trace-warnings ...` to show where the warning was created)
  x  35 [tablet] › tests\e2e\visual-regression.spec.js:8:7 › visual baseline FEEDBACK (9.1s)
(node:25740) Warning: The 'NO_COLOR' env is ignored due to the 'FORCE_COLOR' env being set.
(Use `node --trace-warnings ...` to show where the warning was created)
  x  36 [desktop] › tests\e2e\visual-regression.spec.js:8:7 › visual baseline COLLABORATION (9.3s)
(node:26712) Warning: The 'NO_COLOR' env is ignored due to the 'FORCE_COLOR' env being set.
(Use `node --trace-warnings ...` to show where the warning was created)
  x  37 [mobile] › tests\e2e\visual-regression.spec.js:8:7 › visual baseline FEEDBACK (10.4s)
(node:28300) Warning: The 'NO_COLOR' env is ignored due to the 'FORCE_COLOR' env being set.
(Use `node --trace-warnings ...` to show where the warning was created)
  x  38 [tablet] › tests\e2e\visual-regression.spec.js:8:7 › visual baseline COLLABORATION (19.1s)
  x  40 [mobile] › tests\e2e\visual-regression.spec.js:8:7 › visual baseline COLLABORATION (11.0s)
(node:15048) Warning: The 'NO_COLOR' env is ignored due to the 'FORCE_COLOR' env being set.
(Use `node --trace-warnings ...` to show where the warning was created)
  x  39 [desktop] › tests\e2e\visual-regression.spec.js:8:7 › visual baseline LIBRARY (10.5s)
(node:28584) Warning: The 'NO_COLOR' env is ignored due to the 'FORCE_COLOR' env being set.
(Use `node --trace-warnings ...` to show where the warning was created)
(node:12988) Warning: The 'NO_COLOR' env is ignored due to the 'FORCE_COLOR' env being set.
(Use `node --trace-warnings ...` to show where the warning was created)
  x  41 [tablet] › tests\e2e\visual-regression.spec.js:8:7 › visual baseline LIBRARY (10.8s)
  x  42 [mobile] › tests\e2e\visual-regression.spec.js:8:7 › visual baseline LIBRARY (11.8s)
  x  43 [desktop] › tests\e2e\visual-regression.spec.js:8:7 › visual baseline ADMIN (10.9s)
(node:29480) Warning: The 'NO_COLOR' env is ignored due to the 'FORCE_COLOR' env being set.
(Use `node --trace-warnings ...` to show where the warning was created)
(node:33348) Warning: The 'NO_COLOR' env is ignored due to the 'FORCE_COLOR' env being set.
(Use `node --trace-warnings ...` to show where the warning was created)
(node:23760) Warning: The 'NO_COLOR' env is ignored due to the 'FORCE_COLOR' env being set.
(Use `node --trace-warnings ...` to show where the warning was created)
  x  45 [mobile] › tests\e2e\visual-regression.spec.js:8:7 › visual baseline ADMIN (11.8s)
  x  44 [tablet] › tests\e2e\visual-regression.spec.js:8:7 › visual baseline ADMIN (11.9s)
  x  46 [desktop] › tests\e2e\visual-regression.spec.js:21:5 › golden retriever fixture loads and is accepted by the demo image flow (11.7s)
(node:32772) Warning: The 'NO_COLOR' env is ignored due to the 'FORCE_COLOR' env being set.
(Use `node --trace-warnings ...` to show where the warning was created)
(node:24384) Warning: The 'NO_COLOR' env is ignored due to the 'FORCE_COLOR' env being set.
(Use `node --trace-warnings ...` to show where the warning was created)
(node:23484) Warning: The 'NO_COLOR' env is ignored due to the 'FORCE_COLOR' env being set.
(Use `node --trace-warnings ...` to show where the warning was created)
  x  47 [mobile] › tests\e2e\visual-regression.spec.js:21:5 › golden retriever fixture loads and is accepted by the demo image flow (10.8s)
  x  48 [tablet] › tests\e2e\visual-regression.spec.js:21:5 › golden retriever fixture loads and is accepted by the demo image flow (11.2s)
(node:26692) Warning: The 'NO_COLOR' env is ignored due to the 'FORCE_COLOR' env being set.
(Use `node --trace-warnings ...` to show where the warning was created)
(node:25256) Warning: The 'NO_COLOR' env is ignored due to the 'FORCE_COLOR' env being set.
(Use `node --trace-warnings ...` to show where the warning was created)
  x  49 [desktop] › tests\e2e\visual-regression.spec.js:36:5 › demo exercises two synthetic pets with five observations each (10.8s)
  x  51 [tablet] › tests\e2e\visual-regression.spec.js:36:5 › demo exercises two synthetic pets with five observations each (12.3s)
  x  50 [mobile] › tests\e2e\visual-regression.spec.js:36:5 › demo exercises two synthetic pets with five observations each (11.7s)


  1) [desktop] › tests\e2e\visual-regression.spec.js:8:7 › visual baseline HOME ────────────────────

    Error: page.goto: net::ERR_NETWORK_ACCESS_DENIED at https://peti-care.web.app/?demo=1#HOME
    Call log:
      - navigating to "https://peti-care.web.app/?demo=1#HOME", waiting until "load"


       7 | for (const route of routes) {
       8 |   test(`visual baseline ${route}`, async ({ page }) => {
    >  9 |     await page.goto(`/?demo=1#${route}`);
         |                ^
      10 |     await expect(page.locator("#app")).toBeVisible();
      11 |     await expect(page).toHaveScreenshot(`${route.toLowerCase()}.png`, {
      12 |       fullPage: true,
        at C:\Users\angel.alvarez\IdeaProjects\PETi\tests\e2e\visual-regression.spec.js:9:16

    attachment #1: screenshot (image/png) ──────────────────────────────────────────────────────────
    test-results\visual-regression-visual-baseline-HOME-desktop\test-failed-1.png
    ────────────────────────────────────────────────────────────────────────────────────────────────

    Error Context: test-results\visual-regression-visual-baseline-HOME-desktop\error-context.md

    attachment #3: trace (application/zip) ─────────────────────────────────────────────────────────
    test-results\visual-regression-visual-baseline-HOME-desktop\trace.zip
    Usage:

        npx playwright show-trace test-results\visual-regression-visual-baseline-HOME-desktop\trace.zip

    ────────────────────────────────────────────────────────────────────────────────────────────────

  2) [desktop] › tests\e2e\visual-regression.spec.js:8:7 › visual baseline SCAN ────────────────────

    Error: page.goto: net::ERR_NETWORK_ACCESS_DENIED at https://peti-care.web.app/?demo=1#SCAN
    Call log:
      - navigating to "https://peti-care.web.app/?demo=1#SCAN", waiting until "load"


       7 | for (const route of routes) {
       8 |   test(`visual baseline ${route}`, async ({ page }) => {
    >  9 |     await page.goto(`/?demo=1#${route}`);
         |                ^
      10 |     await expect(page.locator("#app")).toBeVisible();
      11 |     await expect(page).toHaveScreenshot(`${route.toLowerCase()}.png`, {
      12 |       fullPage: true,
        at C:\Users\angel.alvarez\IdeaProjects\PETi\tests\e2e\visual-regression.spec.js:9:16

    attachment #1: screenshot (image/png) ──────────────────────────────────────────────────────────
    test-results\visual-regression-visual-baseline-SCAN-desktop\test-failed-1.png
    ────────────────────────────────────────────────────────────────────────────────────────────────

    Error Context: test-results\visual-regression-visual-baseline-SCAN-desktop\error-context.md

    attachment #3: trace (application/zip) ─────────────────────────────────────────────────────────
    test-results\visual-regression-visual-baseline-SCAN-desktop\trace.zip
    Usage:

        npx playwright show-trace test-results\visual-regression-visual-baseline-SCAN-desktop\trace.zip

    ────────────────────────────────────────────────────────────────────────────────────────────────

  3) [desktop] › tests\e2e\visual-regression.spec.js:8:7 › visual baseline HISTORY ─────────────────

    Error: page.goto: net::ERR_NETWORK_ACCESS_DENIED at https://peti-care.web.app/?demo=1#HISTORY
    Call log:
      - navigating to "https://peti-care.web.app/?demo=1#HISTORY", waiting until "load"


       7 | for (const route of routes) {
       8 |   test(`visual baseline ${route}`, async ({ page }) => {
    >  9 |     await page.goto(`/?demo=1#${route}`);
         |                ^
      10 |     await expect(page.locator("#app")).toBeVisible();
      11 |     await expect(page).toHaveScreenshot(`${route.toLowerCase()}.png`, {
      12 |       fullPage: true,
        at C:\Users\angel.alvarez\IdeaProjects\PETi\tests\e2e\visual-regression.spec.js:9:16

    attachment #1: screenshot (image/png) ──────────────────────────────────────────────────────────
    test-results\visual-regression-visual-baseline-HISTORY-desktop\test-failed-1.png
    ────────────────────────────────────────────────────────────────────────────────────────────────

    Error Context: test-results\visual-regression-visual-baseline-HISTORY-desktop\error-context.md

    attachment #3: trace (application/zip) ─────────────────────────────────────────────────────────
    test-results\visual-regression-visual-baseline-HISTORY-desktop\trace.zip
    Usage:

        npx playwright show-trace test-results\visual-regression-visual-baseline-HISTORY-desktop\trace.zip

    ────────────────────────────────────────────────────────────────────────────────────────────────

  4) [desktop] › tests\e2e\visual-regression.spec.js:8:7 › visual baseline PROFILE ─────────────────

    Error: page.goto: net::ERR_NETWORK_ACCESS_DENIED at https://peti-care.web.app/?demo=1#PROFILE
    Call log:
      - navigating to "https://peti-care.web.app/?demo=1#PROFILE", waiting until "load"


       7 | for (const route of routes) {
       8 |   test(`visual baseline ${route}`, async ({ page }) => {
    >  9 |     await page.goto(`/?demo=1#${route}`);
         |                ^
      10 |     await expect(page.locator("#app")).toBeVisible();
      11 |     await expect(page).toHaveScreenshot(`${route.toLowerCase()}.png`, {
      12 |       fullPage: true,
        at C:\Users\angel.alvarez\IdeaProjects\PETi\tests\e2e\visual-regression.spec.js:9:16

    Error Context: test-results\visual-regression-visual-baseline-PROFILE-desktop\error-context.md

    attachment #2: trace (application/zip) ─────────────────────────────────────────────────────────
    test-results\visual-regression-visual-baseline-PROFILE-desktop\trace.zip
    Usage:

        npx playwright show-trace test-results\visual-regression-visual-baseline-PROFILE-desktop\trace.zip

    ────────────────────────────────────────────────────────────────────────────────────────────────

  5) [desktop] › tests\e2e\visual-regression.spec.js:8:7 › visual baseline AGENTS ──────────────────

    Error: page.goto: net::ERR_NETWORK_ACCESS_DENIED at https://peti-care.web.app/?demo=1#AGENTS
    Call log:
      - navigating to "https://peti-care.web.app/?demo=1#AGENTS", waiting until "load"


       7 | for (const route of routes) {
       8 |   test(`visual baseline ${route}`, async ({ page }) => {
    >  9 |     await page.goto(`/?demo=1#${route}`);
         |                ^
      10 |     await expect(page.locator("#app")).toBeVisible();
      11 |     await expect(page).toHaveScreenshot(`${route.toLowerCase()}.png`, {
      12 |       fullPage: true,
        at C:\Users\angel.alvarez\IdeaProjects\PETi\tests\e2e\visual-regression.spec.js:9:16

    attachment #1: screenshot (image/png) ──────────────────────────────────────────────────────────
    test-results\visual-regression-visual-baseline-AGENTS-desktop\test-failed-1.png
    ────────────────────────────────────────────────────────────────────────────────────────────────

    Error Context: test-results\visual-regression-visual-baseline-AGENTS-desktop\error-context.md

    attachment #3: trace (application/zip) ─────────────────────────────────────────────────────────
    test-results\visual-regression-visual-baseline-AGENTS-desktop\trace.zip
    Usage:

        npx playwright show-trace test-results\visual-regression-visual-baseline-AGENTS-desktop\trace.zip

    ────────────────────────────────────────────────────────────────────────────────────────────────

  6) [desktop] › tests\e2e\visual-regression.spec.js:8:7 › visual baseline CARE ────────────────────

    Error: page.goto: net::ERR_NETWORK_ACCESS_DENIED at https://peti-care.web.app/?demo=1#CARE
    Call log:
      - navigating to "https://peti-care.web.app/?demo=1#CARE", waiting until "load"


       7 | for (const route of routes) {
       8 |   test(`visual baseline ${route}`, async ({ page }) => {
    >  9 |     await page.goto(`/?demo=1#${route}`);
         |                ^
      10 |     await expect(page.locator("#app")).toBeVisible();
      11 |     await expect(page).toHaveScreenshot(`${route.toLowerCase()}.png`, {
      12 |       fullPage: true,
        at C:\Users\angel.alvarez\IdeaProjects\PETi\tests\e2e\visual-regression.spec.js:9:16

    attachment #1: screenshot (image/png) ──────────────────────────────────────────────────────────
    test-results\visual-regression-visual-baseline-CARE-desktop\test-failed-1.png
    ────────────────────────────────────────────────────────────────────────────────────────────────

    Error Context: test-results\visual-regression-visual-baseline-CARE-desktop\error-context.md

    attachment #3: trace (application/zip) ─────────────────────────────────────────────────────────
    test-results\visual-regression-visual-baseline-CARE-desktop\trace.zip
    Usage:

        npx playwright show-trace test-results\visual-regression-visual-baseline-CARE-desktop\trace.zip

    ────────────────────────────────────────────────────────────────────────────────────────────────

  7) [desktop] › tests\e2e\visual-regression.spec.js:8:7 › visual baseline BODY_CHECK ──────────────

    Error: page.goto: net::ERR_NETWORK_ACCESS_DENIED at https://peti-care.web.app/?demo=1#BODY_CHECK
    Call log:
      - navigating to "https://peti-care.web.app/?demo=1#BODY_CHECK", waiting until "load"


       7 | for (const route of routes) {
       8 |   test(`visual baseline ${route}`, async ({ page }) => {
    >  9 |     await page.goto(`/?demo=1#${route}`);
         |                ^
      10 |     await expect(page.locator("#app")).toBeVisible();
      11 |     await expect(page).toHaveScreenshot(`${route.toLowerCase()}.png`, {
      12 |       fullPage: true,
        at C:\Users\angel.alvarez\IdeaProjects\PETi\tests\e2e\visual-regression.spec.js:9:16

    attachment #1: screenshot (image/png) ──────────────────────────────────────────────────────────
    test-results\visual-regression-visual-baseline-BODY-CHECK-desktop\test-failed-1.png
    ────────────────────────────────────────────────────────────────────────────────────────────────

    Error Context: test-results\visual-regression-visual-baseline-BODY-CHECK-desktop\error-context.md

    attachment #3: trace (application/zip) ─────────────────────────────────────────────────────────
    test-results\visual-regression-visual-baseline-BODY-CHECK-desktop\trace.zip
    Usage:

        npx playwright show-trace test-results\visual-regression-visual-baseline-BODY-CHECK-desktop\trace.zip

    ────────────────────────────────────────────────────────────────────────────────────────────────

  8) [desktop] › tests\e2e\visual-regression.spec.js:8:7 › visual baseline RECORDS ─────────────────

    Error: page.goto: net::ERR_NETWORK_ACCESS_DENIED at https://peti-care.web.app/?demo=1#RECORDS
    Call log:
      - navigating to "https://peti-care.web.app/?demo=1#RECORDS", waiting until "load"


       7 | for (const route of routes) {
       8 |   test(`visual baseline ${route}`, async ({ page }) => {
    >  9 |     await page.goto(`/?demo=1#${route}`);
         |                ^
      10 |     await expect(page.locator("#app")).toBeVisible();
      11 |     await expect(page).toHaveScreenshot(`${route.toLowerCase()}.png`, {
      12 |       fullPage: true,
        at C:\Users\angel.alvarez\IdeaProjects\PETi\tests\e2e\visual-regression.spec.js:9:16

    attachment #1: screenshot (image/png) ──────────────────────────────────────────────────────────
    test-results\visual-regression-visual-baseline-RECORDS-desktop\test-failed-1.png
    ────────────────────────────────────────────────────────────────────────────────────────────────

    Error Context: test-results\visual-regression-visual-baseline-RECORDS-desktop\error-context.md

    attachment #3: trace (application/zip) ─────────────────────────────────────────────────────────
    test-results\visual-regression-visual-baseline-RECORDS-desktop\trace.zip
    Usage:

        npx playwright show-trace test-results\visual-regression-visual-baseline-RECORDS-desktop\trace.zip

    ────────────────────────────────────────────────────────────────────────────────────────────────

  9) [desktop] › tests\e2e\visual-regression.spec.js:8:7 › visual baseline ASSISTANT ───────────────

    Error: page.goto: net::ERR_NETWORK_ACCESS_DENIED at https://peti-care.web.app/?demo=1#ASSISTANT
    Call log:
      - navigating to "https://peti-care.web.app/?demo=1#ASSISTANT", waiting until "load"


       7 | for (const route of routes) {
       8 |   test(`visual baseline ${route}`, async ({ page }) => {
    >  9 |     await page.goto(`/?demo=1#${route}`);
         |                ^
      10 |     await expect(page.locator("#app")).toBeVisible();
      11 |     await expect(page).toHaveScreenshot(`${route.toLowerCase()}.png`, {
      12 |       fullPage: true,
        at C:\Users\angel.alvarez\IdeaProjects\PETi\tests\e2e\visual-regression.spec.js:9:16

    attachment #1: screenshot (image/png) ──────────────────────────────────────────────────────────
    test-results\visual-regression-visual-baseline-ASSISTANT-desktop\test-failed-1.png
    ────────────────────────────────────────────────────────────────────────────────────────────────

    Error Context: test-results\visual-regression-visual-baseline-ASSISTANT-desktop\error-context.md

    attachment #3: trace (application/zip) ─────────────────────────────────────────────────────────
    test-results\visual-regression-visual-baseline-ASSISTANT-desktop\trace.zip
    Usage:

        npx playwright show-trace test-results\visual-regression-visual-baseline-ASSISTANT-desktop\trace.zip

    ────────────────────────────────────────────────────────────────────────────────────────────────

  10) [desktop] › tests\e2e\visual-regression.spec.js:8:7 › visual baseline PLANS ──────────────────

    Error: page.goto: net::ERR_NETWORK_ACCESS_DENIED at https://peti-care.web.app/?demo=1#PLANS
    Call log:
      - navigating to "https://peti-care.web.app/?demo=1#PLANS", waiting until "load"


       7 | for (const route of routes) {
       8 |   test(`visual baseline ${route}`, async ({ page }) => {
    >  9 |     await page.goto(`/?demo=1#${route}`);
         |                ^
      10 |     await expect(page.locator("#app")).toBeVisible();
      11 |     await expect(page).toHaveScreenshot(`${route.toLowerCase()}.png`, {
      12 |       fullPage: true,
        at C:\Users\angel.alvarez\IdeaProjects\PETi\tests\e2e\visual-regression.spec.js:9:16

    attachment #1: screenshot (image/png) ──────────────────────────────────────────────────────────
    test-results\visual-regression-visual-baseline-PLANS-desktop\test-failed-1.png
    ────────────────────────────────────────────────────────────────────────────────────────────────

    Error Context: test-results\visual-regression-visual-baseline-PLANS-desktop\error-context.md

    attachment #3: trace (application/zip) ─────────────────────────────────────────────────────────
    test-results\visual-regression-visual-baseline-PLANS-desktop\trace.zip
    Usage:

        npx playwright show-trace test-results\visual-regression-visual-baseline-PLANS-desktop\trace.zip

    ────────────────────────────────────────────────────────────────────────────────────────────────

  11) [desktop] › tests\e2e\visual-regression.spec.js:8:7 › visual baseline SETTINGS ───────────────

    Error: page.goto: net::ERR_NETWORK_ACCESS_DENIED at https://peti-care.web.app/?demo=1#SETTINGS
    Call log:
      - navigating to "https://peti-care.web.app/?demo=1#SETTINGS", waiting until "load"


       7 | for (const route of routes) {
       8 |   test(`visual baseline ${route}`, async ({ page }) => {
    >  9 |     await page.goto(`/?demo=1#${route}`);
         |                ^
      10 |     await expect(page.locator("#app")).toBeVisible();
      11 |     await expect(page).toHaveScreenshot(`${route.toLowerCase()}.png`, {
      12 |       fullPage: true,
        at C:\Users\angel.alvarez\IdeaProjects\PETi\tests\e2e\visual-regression.spec.js:9:16

    attachment #1: screenshot (image/png) ──────────────────────────────────────────────────────────
    test-results\visual-regression-visual-baseline-SETTINGS-desktop\test-failed-1.png
    ────────────────────────────────────────────────────────────────────────────────────────────────

    Error Context: test-results\visual-regression-visual-baseline-SETTINGS-desktop\error-context.md

    attachment #3: trace (application/zip) ─────────────────────────────────────────────────────────
    test-results\visual-regression-visual-baseline-SETTINGS-desktop\trace.zip
    Usage:

        npx playwright show-trace test-results\visual-regression-visual-baseline-SETTINGS-desktop\trace.zip

    ────────────────────────────────────────────────────────────────────────────────────────────────

  12) [desktop] › tests\e2e\visual-regression.spec.js:8:7 › visual baseline FEEDBACK ───────────────

    Error: page.goto: net::ERR_NETWORK_ACCESS_DENIED at https://peti-care.web.app/?demo=1#FEEDBACK
    Call log:
      - navigating to "https://peti-care.web.app/?demo=1#FEEDBACK", waiting until "load"


       7 | for (const route of routes) {
       8 |   test(`visual baseline ${route}`, async ({ page }) => {
    >  9 |     await page.goto(`/?demo=1#${route}`);
         |                ^
      10 |     await expect(page.locator("#app")).toBeVisible();
      11 |     await expect(page).toHaveScreenshot(`${route.toLowerCase()}.png`, {
      12 |       fullPage: true,
        at C:\Users\angel.alvarez\IdeaProjects\PETi\tests\e2e\visual-regression.spec.js:9:16

    attachment #1: screenshot (image/png) ──────────────────────────────────────────────────────────
    test-results\visual-regression-visual-baseline-FEEDBACK-desktop\test-failed-1.png
    ────────────────────────────────────────────────────────────────────────────────────────────────

    Error Context: test-results\visual-regression-visual-baseline-FEEDBACK-desktop\error-context.md

    attachment #3: trace (application/zip) ─────────────────────────────────────────────────────────
    test-results\visual-regression-visual-baseline-FEEDBACK-desktop\trace.zip
    Usage:

        npx playwright show-trace test-results\visual-regression-visual-baseline-FEEDBACK-desktop\trace.zip

    ────────────────────────────────────────────────────────────────────────────────────────────────

  13) [desktop] › tests\e2e\visual-regression.spec.js:8:7 › visual baseline COLLABORATION ──────────

    Error: page.goto: net::ERR_NETWORK_ACCESS_DENIED at https://peti-care.web.app/?demo=1#COLLABORATION
    Call log:
      - navigating to "https://peti-care.web.app/?demo=1#COLLABORATION", waiting until "load"


       7 | for (const route of routes) {
       8 |   test(`visual baseline ${route}`, async ({ page }) => {
    >  9 |     await page.goto(`/?demo=1#${route}`);
         |                ^
      10 |     await expect(page.locator("#app")).toBeVisible();
      11 |     await expect(page).toHaveScreenshot(`${route.toLowerCase()}.png`, {
      12 |       fullPage: true,
        at C:\Users\angel.alvarez\IdeaProjects\PETi\tests\e2e\visual-regression.spec.js:9:16

    attachment #1: screenshot (image/png) ──────────────────────────────────────────────────────────
    test-results\visual-regression-visual-baseline-COLLABORATION-desktop\test-failed-1.png
    ────────────────────────────────────────────────────────────────────────────────────────────────

    Error Context: test-results\visual-regression-visual-baseline-COLLABORATION-desktop\error-context.md

    attachment #3: trace (application/zip) ─────────────────────────────────────────────────────────
    test-results\visual-regression-visual-baseline-COLLABORATION-desktop\trace.zip
    Usage:

        npx playwright show-trace test-results\visual-regression-visual-baseline-COLLABORATION-desktop\trace.zip

    ────────────────────────────────────────────────────────────────────────────────────────────────

  14) [desktop] › tests\e2e\visual-regression.spec.js:8:7 › visual baseline LIBRARY ────────────────

    Error: page.goto: net::ERR_NETWORK_ACCESS_DENIED at https://peti-care.web.app/?demo=1#LIBRARY
    Call log:
      - navigating to "https://peti-care.web.app/?demo=1#LIBRARY", waiting until "load"


       7 | for (const route of routes) {
       8 |   test(`visual baseline ${route}`, async ({ page }) => {
    >  9 |     await page.goto(`/?demo=1#${route}`);
         |                ^
      10 |     await expect(page.locator("#app")).toBeVisible();
      11 |     await expect(page).toHaveScreenshot(`${route.toLowerCase()}.png`, {
      12 |       fullPage: true,
        at C:\Users\angel.alvarez\IdeaProjects\PETi\tests\e2e\visual-regression.spec.js:9:16

    attachment #1: screenshot (image/png) ──────────────────────────────────────────────────────────
    test-results\visual-regression-visual-baseline-LIBRARY-desktop\test-failed-1.png
    ────────────────────────────────────────────────────────────────────────────────────────────────

    Error Context: test-results\visual-regression-visual-baseline-LIBRARY-desktop\error-context.md

    attachment #3: trace (application/zip) ─────────────────────────────────────────────────────────
    test-results\visual-regression-visual-baseline-LIBRARY-desktop\trace.zip
    Usage:

        npx playwright show-trace test-results\visual-regression-visual-baseline-LIBRARY-desktop\trace.zip

    ────────────────────────────────────────────────────────────────────────────────────────────────

  15) [desktop] › tests\e2e\visual-regression.spec.js:8:7 › visual baseline ADMIN ──────────────────

    Error: page.goto: net::ERR_NETWORK_ACCESS_DENIED at https://peti-care.web.app/?demo=1#ADMIN
    Call log:
      - navigating to "https://peti-care.web.app/?demo=1#ADMIN", waiting until "load"


       7 | for (const route of routes) {
       8 |   test(`visual baseline ${route}`, async ({ page }) => {
    >  9 |     await page.goto(`/?demo=1#${route}`);
         |                ^
      10 |     await expect(page.locator("#app")).toBeVisible();
      11 |     await expect(page).toHaveScreenshot(`${route.toLowerCase()}.png`, {
      12 |       fullPage: true,
        at C:\Users\angel.alvarez\IdeaProjects\PETi\tests\e2e\visual-regression.spec.js:9:16

    attachment #1: screenshot (image/png) ──────────────────────────────────────────────────────────
    test-results\visual-regression-visual-baseline-ADMIN-desktop\test-failed-1.png
    ────────────────────────────────────────────────────────────────────────────────────────────────

    Error Context: test-results\visual-regression-visual-baseline-ADMIN-desktop\error-context.md

    attachment #3: trace (application/zip) ─────────────────────────────────────────────────────────
    test-results\visual-regression-visual-baseline-ADMIN-desktop\trace.zip
    Usage:

        npx playwright show-trace test-results\visual-regression-visual-baseline-ADMIN-desktop\trace.zip

    ────────────────────────────────────────────────────────────────────────────────────────────────

  16) [desktop] › tests\e2e\visual-regression.spec.js:21:5 › golden retriever fixture loads and is accepted by the demo image flow 

    Error: page.goto: net::ERR_NETWORK_ACCESS_DENIED at https://peti-care.web.app/?demo=1#SCAN
    Call log:
      - navigating to "https://peti-care.web.app/?demo=1#SCAN", waiting until "load"


      20 |
      21 | test("golden retriever fixture loads and is accepted by the demo image flow", async ({ page }) => {
    > 22 |   await page.goto("/?demo=1#SCAN");
         |              ^
      23 |   const picker = page.locator("#file-picker");
      24 |   await page.getByRole("button", { name: /Foto/ }).click();
      25 |   await picker.setInputFiles(fixture);
        at C:\Users\angel.alvarez\IdeaProjects\PETi\tests\e2e\visual-regression.spec.js:22:14

    attachment #1: screenshot (image/png) ──────────────────────────────────────────────────────────
    test-results\visual-regression-golden-r-7b191-pted-by-the-demo-image-flow-desktop\test-failed-1.png
    ────────────────────────────────────────────────────────────────────────────────────────────────

    Error Context: test-results\visual-regression-golden-r-7b191-pted-by-the-demo-image-flow-desktop\error-context.md

    attachment #3: trace (application/zip) ─────────────────────────────────────────────────────────
    test-results\visual-regression-golden-r-7b191-pted-by-the-demo-image-flow-desktop\trace.zip
    Usage:

        npx playwright show-trace test-results\visual-regression-golden-r-7b191-pted-by-the-demo-image-flow-desktop\trace.zip

    ────────────────────────────────────────────────────────────────────────────────────────────────

  17) [desktop] › tests\e2e\visual-regression.spec.js:36:5 › demo exercises two synthetic pets with five observations each 

    Error: page.goto: net::ERR_NETWORK_ACCESS_DENIED at https://peti-care.web.app/?demo=1#SCAN
    Call log:
      - navigating to "https://peti-care.web.app/?demo=1#SCAN", waiting until "load"


      35 |
      36 | test("demo exercises two synthetic pets with five observations each", async ({ page }) => {
    > 37 |   await page.goto("/?demo=1#SCAN");
         |              ^
      38 |   const picker = page.locator("#file-picker");
      39 |   const pets = [
      40 |     { id: "demo-luna", name: "Luna", files: ["luna-healthy-01.jpg", "luna-healthy-02.jpg", "luna-healthy-03.jpg", "luna-healthy-04.jpg", "luna-healthy-05.jpg"] },
        at C:\Users\angel.alvarez\IdeaProjects\PETi\tests\e2e\visual-regression.spec.js:37:14

    attachment #1: screenshot (image/png) ──────────────────────────────────────────────────────────
    test-results\visual-regression-demo-exe-ab6b8-with-five-observations-each-desktop\test-failed-1.png
    ────────────────────────────────────────────────────────────────────────────────────────────────

    Error Context: test-results\visual-regression-demo-exe-ab6b8-with-five-observations-each-desktop\error-context.md

    attachment #3: trace (application/zip) ─────────────────────────────────────────────────────────
    test-results\visual-regression-demo-exe-ab6b8-with-five-observations-each-desktop\trace.zip
    Usage:

        npx playwright show-trace test-results\visual-regression-demo-exe-ab6b8-with-five-observations-each-desktop\trace.zip

    ────────────────────────────────────────────────────────────────────────────────────────────────

  18) [tablet] › tests\e2e\visual-regression.spec.js:8:7 › visual baseline HOME ────────────────────

    Error: page.goto: net::ERR_NETWORK_ACCESS_DENIED at https://peti-care.web.app/?demo=1#HOME
    Call log:
      - navigating to "https://peti-care.web.app/?demo=1#HOME", waiting until "load"


       7 | for (const route of routes) {
       8 |   test(`visual baseline ${route}`, async ({ page }) => {
    >  9 |     await page.goto(`/?demo=1#${route}`);
         |                ^
      10 |     await expect(page.locator("#app")).toBeVisible();
      11 |     await expect(page).toHaveScreenshot(`${route.toLowerCase()}.png`, {
      12 |       fullPage: true,
        at C:\Users\angel.alvarez\IdeaProjects\PETi\tests\e2e\visual-regression.spec.js:9:16

    attachment #1: screenshot (image/png) ──────────────────────────────────────────────────────────
    test-results\visual-regression-visual-baseline-HOME-tablet\test-failed-1.png
    ────────────────────────────────────────────────────────────────────────────────────────────────

    Error Context: test-results\visual-regression-visual-baseline-HOME-tablet\error-context.md

    attachment #3: trace (application/zip) ─────────────────────────────────────────────────────────
    test-results\visual-regression-visual-baseline-HOME-tablet\trace.zip
    Usage:

        npx playwright show-trace test-results\visual-regression-visual-baseline-HOME-tablet\trace.zip

    ────────────────────────────────────────────────────────────────────────────────────────────────

  19) [tablet] › tests\e2e\visual-regression.spec.js:8:7 › visual baseline SCAN ────────────────────

    Error: page.goto: net::ERR_NETWORK_ACCESS_DENIED at https://peti-care.web.app/?demo=1#SCAN
    Call log:
      - navigating to "https://peti-care.web.app/?demo=1#SCAN", waiting until "load"


       7 | for (const route of routes) {
       8 |   test(`visual baseline ${route}`, async ({ page }) => {
    >  9 |     await page.goto(`/?demo=1#${route}`);
         |                ^
      10 |     await expect(page.locator("#app")).toBeVisible();
      11 |     await expect(page).toHaveScreenshot(`${route.toLowerCase()}.png`, {
      12 |       fullPage: true,
        at C:\Users\angel.alvarez\IdeaProjects\PETi\tests\e2e\visual-regression.spec.js:9:16

    attachment #1: screenshot (image/png) ──────────────────────────────────────────────────────────
    test-results\visual-regression-visual-baseline-SCAN-tablet\test-failed-1.png
    ────────────────────────────────────────────────────────────────────────────────────────────────

    Error Context: test-results\visual-regression-visual-baseline-SCAN-tablet\error-context.md

    attachment #3: trace (application/zip) ─────────────────────────────────────────────────────────
    test-results\visual-regression-visual-baseline-SCAN-tablet\trace.zip
    Usage:

        npx playwright show-trace test-results\visual-regression-visual-baseline-SCAN-tablet\trace.zip

    ────────────────────────────────────────────────────────────────────────────────────────────────

  20) [tablet] › tests\e2e\visual-regression.spec.js:8:7 › visual baseline HISTORY ─────────────────

    Error: page.goto: net::ERR_NETWORK_ACCESS_DENIED at https://peti-care.web.app/?demo=1#HISTORY
    Call log:
      - navigating to "https://peti-care.web.app/?demo=1#HISTORY", waiting until "load"


       7 | for (const route of routes) {
       8 |   test(`visual baseline ${route}`, async ({ page }) => {
    >  9 |     await page.goto(`/?demo=1#${route}`);
         |                ^
      10 |     await expect(page.locator("#app")).toBeVisible();
      11 |     await expect(page).toHaveScreenshot(`${route.toLowerCase()}.png`, {
      12 |       fullPage: true,
        at C:\Users\angel.alvarez\IdeaProjects\PETi\tests\e2e\visual-regression.spec.js:9:16

    attachment #1: screenshot (image/png) ──────────────────────────────────────────────────────────
    test-results\visual-regression-visual-baseline-HISTORY-tablet\test-failed-1.png
    ────────────────────────────────────────────────────────────────────────────────────────────────

    Error Context: test-results\visual-regression-visual-baseline-HISTORY-tablet\error-context.md

    attachment #3: trace (application/zip) ─────────────────────────────────────────────────────────
    test-results\visual-regression-visual-baseline-HISTORY-tablet\trace.zip
    Usage:

        npx playwright show-trace test-results\visual-regression-visual-baseline-HISTORY-tablet\trace.zip

    ────────────────────────────────────────────────────────────────────────────────────────────────

  21) [tablet] › tests\e2e\visual-regression.spec.js:8:7 › visual baseline PROFILE ─────────────────

    Error: page.goto: net::ERR_NETWORK_ACCESS_DENIED at https://peti-care.web.app/?demo=1#PROFILE
    Call log:
      - navigating to "https://peti-care.web.app/?demo=1#PROFILE", waiting until "load"


       7 | for (const route of routes) {
       8 |   test(`visual baseline ${route}`, async ({ page }) => {
    >  9 |     await page.goto(`/?demo=1#${route}`);
         |                ^
      10 |     await expect(page.locator("#app")).toBeVisible();
      11 |     await expect(page).toHaveScreenshot(`${route.toLowerCase()}.png`, {
      12 |       fullPage: true,
        at C:\Users\angel.alvarez\IdeaProjects\PETi\tests\e2e\visual-regression.spec.js:9:16

    attachment #1: screenshot (image/png) ──────────────────────────────────────────────────────────
    test-results\visual-regression-visual-baseline-PROFILE-tablet\test-failed-1.png
    ────────────────────────────────────────────────────────────────────────────────────────────────

    Error Context: test-results\visual-regression-visual-baseline-PROFILE-tablet\error-context.md

    attachment #3: trace (application/zip) ─────────────────────────────────────────────────────────
    test-results\visual-regression-visual-baseline-PROFILE-tablet\trace.zip
    Usage:

        npx playwright show-trace test-results\visual-regression-visual-baseline-PROFILE-tablet\trace.zip

    ────────────────────────────────────────────────────────────────────────────────────────────────

  22) [tablet] › tests\e2e\visual-regression.spec.js:8:7 › visual baseline AGENTS ──────────────────

    Error: page.goto: net::ERR_NETWORK_ACCESS_DENIED at https://peti-care.web.app/?demo=1#AGENTS
    Call log:
      - navigating to "https://peti-care.web.app/?demo=1#AGENTS", waiting until "load"


       7 | for (const route of routes) {
       8 |   test(`visual baseline ${route}`, async ({ page }) => {
    >  9 |     await page.goto(`/?demo=1#${route}`);
         |                ^
      10 |     await expect(page.locator("#app")).toBeVisible();
      11 |     await expect(page).toHaveScreenshot(`${route.toLowerCase()}.png`, {
      12 |       fullPage: true,
        at C:\Users\angel.alvarez\IdeaProjects\PETi\tests\e2e\visual-regression.spec.js:9:16

    attachment #1: screenshot (image/png) ──────────────────────────────────────────────────────────
    test-results\visual-regression-visual-baseline-AGENTS-tablet\test-failed-1.png
    ────────────────────────────────────────────────────────────────────────────────────────────────

    Error Context: test-results\visual-regression-visual-baseline-AGENTS-tablet\error-context.md

    attachment #3: trace (application/zip) ─────────────────────────────────────────────────────────
    test-results\visual-regression-visual-baseline-AGENTS-tablet\trace.zip
    Usage:

        npx playwright show-trace test-results\visual-regression-visual-baseline-AGENTS-tablet\trace.zip

    ────────────────────────────────────────────────────────────────────────────────────────────────

  23) [tablet] › tests\e2e\visual-regression.spec.js:8:7 › visual baseline CARE ────────────────────

    Error: page.goto: net::ERR_NETWORK_ACCESS_DENIED at https://peti-care.web.app/?demo=1#CARE
    Call log:
      - navigating to "https://peti-care.web.app/?demo=1#CARE", waiting until "load"


       7 | for (const route of routes) {
       8 |   test(`visual baseline ${route}`, async ({ page }) => {
    >  9 |     await page.goto(`/?demo=1#${route}`);
         |                ^
      10 |     await expect(page.locator("#app")).toBeVisible();
      11 |     await expect(page).toHaveScreenshot(`${route.toLowerCase()}.png`, {
      12 |       fullPage: true,
        at C:\Users\angel.alvarez\IdeaProjects\PETi\tests\e2e\visual-regression.spec.js:9:16

    attachment #1: screenshot (image/png) ──────────────────────────────────────────────────────────
    test-results\visual-regression-visual-baseline-CARE-tablet\test-failed-1.png
    ────────────────────────────────────────────────────────────────────────────────────────────────

    Error Context: test-results\visual-regression-visual-baseline-CARE-tablet\error-context.md

    attachment #3: trace (application/zip) ─────────────────────────────────────────────────────────
    test-results\visual-regression-visual-baseline-CARE-tablet\trace.zip
    Usage:

        npx playwright show-trace test-results\visual-regression-visual-baseline-CARE-tablet\trace.zip

    ────────────────────────────────────────────────────────────────────────────────────────────────

  24) [tablet] › tests\e2e\visual-regression.spec.js:8:7 › visual baseline BODY_CHECK ──────────────

    Error: page.goto: net::ERR_NETWORK_ACCESS_DENIED at https://peti-care.web.app/?demo=1#BODY_CHECK
    Call log:
      - navigating to "https://peti-care.web.app/?demo=1#BODY_CHECK", waiting until "load"


       7 | for (const route of routes) {
       8 |   test(`visual baseline ${route}`, async ({ page }) => {
    >  9 |     await page.goto(`/?demo=1#${route}`);
         |                ^
      10 |     await expect(page.locator("#app")).toBeVisible();
      11 |     await expect(page).toHaveScreenshot(`${route.toLowerCase()}.png`, {
      12 |       fullPage: true,
        at C:\Users\angel.alvarez\IdeaProjects\PETi\tests\e2e\visual-regression.spec.js:9:16

    attachment #1: screenshot (image/png) ──────────────────────────────────────────────────────────
    test-results\visual-regression-visual-baseline-BODY-CHECK-tablet\test-failed-1.png
    ────────────────────────────────────────────────────────────────────────────────────────────────

    Error Context: test-results\visual-regression-visual-baseline-BODY-CHECK-tablet\error-context.md

    attachment #3: trace (application/zip) ─────────────────────────────────────────────────────────
    test-results\visual-regression-visual-baseline-BODY-CHECK-tablet\trace.zip
    Usage:

        npx playwright show-trace test-results\visual-regression-visual-baseline-BODY-CHECK-tablet\trace.zip

    ────────────────────────────────────────────────────────────────────────────────────────────────

  25) [tablet] › tests\e2e\visual-regression.spec.js:8:7 › visual baseline RECORDS ─────────────────

    Error: page.goto: net::ERR_NETWORK_ACCESS_DENIED at https://peti-care.web.app/?demo=1#RECORDS
    Call log:
      - navigating to "https://peti-care.web.app/?demo=1#RECORDS", waiting until "load"


       7 | for (const route of routes) {
       8 |   test(`visual baseline ${route}`, async ({ page }) => {
    >  9 |     await page.goto(`/?demo=1#${route}`);
         |                ^
      10 |     await expect(page.locator("#app")).toBeVisible();
      11 |     await expect(page).toHaveScreenshot(`${route.toLowerCase()}.png`, {
      12 |       fullPage: true,
        at C:\Users\angel.alvarez\IdeaProjects\PETi\tests\e2e\visual-regression.spec.js:9:16

    attachment #1: screenshot (image/png) ──────────────────────────────────────────────────────────
    test-results\visual-regression-visual-baseline-RECORDS-tablet\test-failed-1.png
    ────────────────────────────────────────────────────────────────────────────────────────────────

    Error Context: test-results\visual-regression-visual-baseline-RECORDS-tablet\error-context.md

    attachment #3: trace (application/zip) ─────────────────────────────────────────────────────────
    test-results\visual-regression-visual-baseline-RECORDS-tablet\trace.zip
    Usage:

        npx playwright show-trace test-results\visual-regression-visual-baseline-RECORDS-tablet\trace.zip

    ────────────────────────────────────────────────────────────────────────────────────────────────

  26) [tablet] › tests\e2e\visual-regression.spec.js:8:7 › visual baseline ASSISTANT ───────────────

    Error: page.goto: net::ERR_NETWORK_ACCESS_DENIED at https://peti-care.web.app/?demo=1#ASSISTANT
    Call log:
      - navigating to "https://peti-care.web.app/?demo=1#ASSISTANT", waiting until "load"


       7 | for (const route of routes) {
       8 |   test(`visual baseline ${route}`, async ({ page }) => {
    >  9 |     await page.goto(`/?demo=1#${route}`);
         |                ^
      10 |     await expect(page.locator("#app")).toBeVisible();
      11 |     await expect(page).toHaveScreenshot(`${route.toLowerCase()}.png`, {
      12 |       fullPage: true,
        at C:\Users\angel.alvarez\IdeaProjects\PETi\tests\e2e\visual-regression.spec.js:9:16

    attachment #1: screenshot (image/png) ──────────────────────────────────────────────────────────
    test-results\visual-regression-visual-baseline-ASSISTANT-tablet\test-failed-1.png
    ────────────────────────────────────────────────────────────────────────────────────────────────

    Error Context: test-results\visual-regression-visual-baseline-ASSISTANT-tablet\error-context.md

    attachment #3: trace (application/zip) ─────────────────────────────────────────────────────────
    test-results\visual-regression-visual-baseline-ASSISTANT-tablet\trace.zip
    Usage:

        npx playwright show-trace test-results\visual-regression-visual-baseline-ASSISTANT-tablet\trace.zip

    ────────────────────────────────────────────────────────────────────────────────────────────────

  27) [tablet] › tests\e2e\visual-regression.spec.js:8:7 › visual baseline PLANS ───────────────────

    Error: page.goto: net::ERR_NETWORK_ACCESS_DENIED at https://peti-care.web.app/?demo=1#PLANS
    Call log:
      - navigating to "https://peti-care.web.app/?demo=1#PLANS", waiting until "load"


       7 | for (const route of routes) {
       8 |   test(`visual baseline ${route}`, async ({ page }) => {
    >  9 |     await page.goto(`/?demo=1#${route}`);
         |                ^
      10 |     await expect(page.locator("#app")).toBeVisible();
      11 |     await expect(page).toHaveScreenshot(`${route.toLowerCase()}.png`, {
      12 |       fullPage: true,
        at C:\Users\angel.alvarez\IdeaProjects\PETi\tests\e2e\visual-regression.spec.js:9:16

    attachment #1: screenshot (image/png) ──────────────────────────────────────────────────────────
    test-results\visual-regression-visual-baseline-PLANS-tablet\test-failed-1.png
    ────────────────────────────────────────────────────────────────────────────────────────────────

    Error Context: test-results\visual-regression-visual-baseline-PLANS-tablet\error-context.md

    attachment #3: trace (application/zip) ─────────────────────────────────────────────────────────
    test-results\visual-regression-visual-baseline-PLANS-tablet\trace.zip
    Usage:

        npx playwright show-trace test-results\visual-regression-visual-baseline-PLANS-tablet\trace.zip

    ────────────────────────────────────────────────────────────────────────────────────────────────

  28) [tablet] › tests\e2e\visual-regression.spec.js:8:7 › visual baseline SETTINGS ────────────────

    Error: page.goto: net::ERR_NETWORK_ACCESS_DENIED at https://peti-care.web.app/?demo=1#SETTINGS
    Call log:
      - navigating to "https://peti-care.web.app/?demo=1#SETTINGS", waiting until "load"


       7 | for (const route of routes) {
       8 |   test(`visual baseline ${route}`, async ({ page }) => {
    >  9 |     await page.goto(`/?demo=1#${route}`);
         |                ^
      10 |     await expect(page.locator("#app")).toBeVisible();
      11 |     await expect(page).toHaveScreenshot(`${route.toLowerCase()}.png`, {
      12 |       fullPage: true,
        at C:\Users\angel.alvarez\IdeaProjects\PETi\tests\e2e\visual-regression.spec.js:9:16

    attachment #1: screenshot (image/png) ──────────────────────────────────────────────────────────
    test-results\visual-regression-visual-baseline-SETTINGS-tablet\test-failed-1.png
    ────────────────────────────────────────────────────────────────────────────────────────────────

    Error Context: test-results\visual-regression-visual-baseline-SETTINGS-tablet\error-context.md

    attachment #3: trace (application/zip) ─────────────────────────────────────────────────────────
    test-results\visual-regression-visual-baseline-SETTINGS-tablet\trace.zip
    Usage:

        npx playwright show-trace test-results\visual-regression-visual-baseline-SETTINGS-tablet\trace.zip

    ────────────────────────────────────────────────────────────────────────────────────────────────

  29) [tablet] › tests\e2e\visual-regression.spec.js:8:7 › visual baseline FEEDBACK ────────────────

    Error: page.goto: net::ERR_NETWORK_ACCESS_DENIED at https://peti-care.web.app/?demo=1#FEEDBACK
    Call log:
      - navigating to "https://peti-care.web.app/?demo=1#FEEDBACK", waiting until "load"


       7 | for (const route of routes) {
       8 |   test(`visual baseline ${route}`, async ({ page }) => {
    >  9 |     await page.goto(`/?demo=1#${route}`);
         |                ^
      10 |     await expect(page.locator("#app")).toBeVisible();
      11 |     await expect(page).toHaveScreenshot(`${route.toLowerCase()}.png`, {
      12 |       fullPage: true,
        at C:\Users\angel.alvarez\IdeaProjects\PETi\tests\e2e\visual-regression.spec.js:9:16

    attachment #1: screenshot (image/png) ──────────────────────────────────────────────────────────
    test-results\visual-regression-visual-baseline-FEEDBACK-tablet\test-failed-1.png
    ────────────────────────────────────────────────────────────────────────────────────────────────

    Error Context: test-results\visual-regression-visual-baseline-FEEDBACK-tablet\error-context.md

    attachment #3: trace (application/zip) ─────────────────────────────────────────────────────────
    test-results\visual-regression-visual-baseline-FEEDBACK-tablet\trace.zip
    Usage:

        npx playwright show-trace test-results\visual-regression-visual-baseline-FEEDBACK-tablet\trace.zip

    ────────────────────────────────────────────────────────────────────────────────────────────────

  30) [tablet] › tests\e2e\visual-regression.spec.js:8:7 › visual baseline COLLABORATION ───────────

    Error: page.goto: net::ERR_NETWORK_ACCESS_DENIED at https://peti-care.web.app/?demo=1#COLLABORATION
    Call log:
      - navigating to "https://peti-care.web.app/?demo=1#COLLABORATION", waiting until "load"


       7 | for (const route of routes) {
       8 |   test(`visual baseline ${route}`, async ({ page }) => {
    >  9 |     await page.goto(`/?demo=1#${route}`);
         |                ^
      10 |     await expect(page.locator("#app")).toBeVisible();
      11 |     await expect(page).toHaveScreenshot(`${route.toLowerCase()}.png`, {
      12 |       fullPage: true,
        at C:\Users\angel.alvarez\IdeaProjects\PETi\tests\e2e\visual-regression.spec.js:9:16

    attachment #1: screenshot (image/png) ──────────────────────────────────────────────────────────
    test-results\visual-regression-visual-baseline-COLLABORATION-tablet\test-failed-1.png
    ────────────────────────────────────────────────────────────────────────────────────────────────

    Error Context: test-results\visual-regression-visual-baseline-COLLABORATION-tablet\error-context.md

    attachment #3: trace (application/zip) ─────────────────────────────────────────────────────────
    test-results\visual-regression-visual-baseline-COLLABORATION-tablet\trace.zip
    Usage:

        npx playwright show-trace test-results\visual-regression-visual-baseline-COLLABORATION-tablet\trace.zip

    ────────────────────────────────────────────────────────────────────────────────────────────────

  31) [tablet] › tests\e2e\visual-regression.spec.js:8:7 › visual baseline LIBRARY ─────────────────

    Error: page.goto: net::ERR_NETWORK_ACCESS_DENIED at https://peti-care.web.app/?demo=1#LIBRARY
    Call log:
      - navigating to "https://peti-care.web.app/?demo=1#LIBRARY", waiting until "load"


       7 | for (const route of routes) {
       8 |   test(`visual baseline ${route}`, async ({ page }) => {
    >  9 |     await page.goto(`/?demo=1#${route}`);
         |                ^
      10 |     await expect(page.locator("#app")).toBeVisible();
      11 |     await expect(page).toHaveScreenshot(`${route.toLowerCase()}.png`, {
      12 |       fullPage: true,
        at C:\Users\angel.alvarez\IdeaProjects\PETi\tests\e2e\visual-regression.spec.js:9:16

    attachment #1: screenshot (image/png) ──────────────────────────────────────────────────────────
    test-results\visual-regression-visual-baseline-LIBRARY-tablet\test-failed-1.png
    ────────────────────────────────────────────────────────────────────────────────────────────────

    Error Context: test-results\visual-regression-visual-baseline-LIBRARY-tablet\error-context.md

    attachment #3: trace (application/zip) ─────────────────────────────────────────────────────────
    test-results\visual-regression-visual-baseline-LIBRARY-tablet\trace.zip
    Usage:

        npx playwright show-trace test-results\visual-regression-visual-baseline-LIBRARY-tablet\trace.zip

    ────────────────────────────────────────────────────────────────────────────────────────────────

  32) [tablet] › tests\e2e\visual-regression.spec.js:8:7 › visual baseline ADMIN ───────────────────

    Error: page.goto: net::ERR_NETWORK_ACCESS_DENIED at https://peti-care.web.app/?demo=1#ADMIN
    Call log:
      - navigating to "https://peti-care.web.app/?demo=1#ADMIN", waiting until "load"


       7 | for (const route of routes) {
       8 |   test(`visual baseline ${route}`, async ({ page }) => {
    >  9 |     await page.goto(`/?demo=1#${route}`);
         |                ^
      10 |     await expect(page.locator("#app")).toBeVisible();
      11 |     await expect(page).toHaveScreenshot(`${route.toLowerCase()}.png`, {
      12 |       fullPage: true,
        at C:\Users\angel.alvarez\IdeaProjects\PETi\tests\e2e\visual-regression.spec.js:9:16

    attachment #1: screenshot (image/png) ──────────────────────────────────────────────────────────
    test-results\visual-regression-visual-baseline-ADMIN-tablet\test-failed-1.png
    ────────────────────────────────────────────────────────────────────────────────────────────────

    Error Context: test-results\visual-regression-visual-baseline-ADMIN-tablet\error-context.md

    attachment #3: trace (application/zip) ─────────────────────────────────────────────────────────
    test-results\visual-regression-visual-baseline-ADMIN-tablet\trace.zip
    Usage:

        npx playwright show-trace test-results\visual-regression-visual-baseline-ADMIN-tablet\trace.zip

    ────────────────────────────────────────────────────────────────────────────────────────────────

  33) [tablet] › tests\e2e\visual-regression.spec.js:21:5 › golden retriever fixture loads and is accepted by the demo image flow 

    Error: page.goto: net::ERR_NETWORK_ACCESS_DENIED at https://peti-care.web.app/?demo=1#SCAN
    Call log:
      - navigating to "https://peti-care.web.app/?demo=1#SCAN", waiting until "load"


      20 |
      21 | test("golden retriever fixture loads and is accepted by the demo image flow", async ({ page }) => {
    > 22 |   await page.goto("/?demo=1#SCAN");
         |              ^
      23 |   const picker = page.locator("#file-picker");
      24 |   await page.getByRole("button", { name: /Foto/ }).click();
      25 |   await picker.setInputFiles(fixture);
        at C:\Users\angel.alvarez\IdeaProjects\PETi\tests\e2e\visual-regression.spec.js:22:14

    attachment #1: screenshot (image/png) ──────────────────────────────────────────────────────────
    test-results\visual-regression-golden-r-7b191-pted-by-the-demo-image-flow-tablet\test-failed-1.png
    ────────────────────────────────────────────────────────────────────────────────────────────────

    Error Context: test-results\visual-regression-golden-r-7b191-pted-by-the-demo-image-flow-tablet\error-context.md

    attachment #3: trace (application/zip) ─────────────────────────────────────────────────────────
    test-results\visual-regression-golden-r-7b191-pted-by-the-demo-image-flow-tablet\trace.zip
    Usage:

        npx playwright show-trace test-results\visual-regression-golden-r-7b191-pted-by-the-demo-image-flow-tablet\trace.zip

    ────────────────────────────────────────────────────────────────────────────────────────────────

  34) [tablet] › tests\e2e\visual-regression.spec.js:36:5 › demo exercises two synthetic pets with five observations each 

    Error: page.goto: net::ERR_NETWORK_ACCESS_DENIED at https://peti-care.web.app/?demo=1#SCAN
    Call log:
      - navigating to "https://peti-care.web.app/?demo=1#SCAN", waiting until "load"


      35 |
      36 | test("demo exercises two synthetic pets with five observations each", async ({ page }) => {
    > 37 |   await page.goto("/?demo=1#SCAN");
         |              ^
      38 |   const picker = page.locator("#file-picker");
      39 |   const pets = [
      40 |     { id: "demo-luna", name: "Luna", files: ["luna-healthy-01.jpg", "luna-healthy-02.jpg", "luna-healthy-03.jpg", "luna-healthy-04.jpg", "luna-healthy-05.jpg"] },
        at C:\Users\angel.alvarez\IdeaProjects\PETi\tests\e2e\visual-regression.spec.js:37:14

    attachment #1: screenshot (image/png) ──────────────────────────────────────────────────────────
    test-results\visual-regression-demo-exe-ab6b8-with-five-observations-each-tablet\test-failed-1.png
    ────────────────────────────────────────────────────────────────────────────────────────────────

    Error Context: test-results\visual-regression-demo-exe-ab6b8-with-five-observations-each-tablet\error-context.md

    attachment #3: trace (application/zip) ─────────────────────────────────────────────────────────
    test-results\visual-regression-demo-exe-ab6b8-with-five-observations-each-tablet\trace.zip
    Usage:

        npx playwright show-trace test-results\visual-regression-demo-exe-ab6b8-with-five-observations-each-tablet\trace.zip

    ────────────────────────────────────────────────────────────────────────────────────────────────

  35) [mobile] › tests\e2e\visual-regression.spec.js:8:7 › visual baseline HOME ────────────────────

    Error: page.goto: net::ERR_NETWORK_ACCESS_DENIED at https://peti-care.web.app/?demo=1#HOME
    Call log:
      - navigating to "https://peti-care.web.app/?demo=1#HOME", waiting until "load"


       7 | for (const route of routes) {
       8 |   test(`visual baseline ${route}`, async ({ page }) => {
    >  9 |     await page.goto(`/?demo=1#${route}`);
         |                ^
      10 |     await expect(page.locator("#app")).toBeVisible();
      11 |     await expect(page).toHaveScreenshot(`${route.toLowerCase()}.png`, {
      12 |       fullPage: true,
        at C:\Users\angel.alvarez\IdeaProjects\PETi\tests\e2e\visual-regression.spec.js:9:16

    attachment #1: screenshot (image/png) ──────────────────────────────────────────────────────────
    test-results\visual-regression-visual-baseline-HOME-mobile\test-failed-1.png
    ────────────────────────────────────────────────────────────────────────────────────────────────

    Error Context: test-results\visual-regression-visual-baseline-HOME-mobile\error-context.md

    attachment #3: trace (application/zip) ─────────────────────────────────────────────────────────
    test-results\visual-regression-visual-baseline-HOME-mobile\trace.zip
    Usage:

        npx playwright show-trace test-results\visual-regression-visual-baseline-HOME-mobile\trace.zip

    ────────────────────────────────────────────────────────────────────────────────────────────────

  36) [mobile] › tests\e2e\visual-regression.spec.js:8:7 › visual baseline SCAN ────────────────────

    Error: page.goto: net::ERR_NETWORK_ACCESS_DENIED at https://peti-care.web.app/?demo=1#SCAN
    Call log:
      - navigating to "https://peti-care.web.app/?demo=1#SCAN", waiting until "load"


       7 | for (const route of routes) {
       8 |   test(`visual baseline ${route}`, async ({ page }) => {
    >  9 |     await page.goto(`/?demo=1#${route}`);
         |                ^
      10 |     await expect(page.locator("#app")).toBeVisible();
      11 |     await expect(page).toHaveScreenshot(`${route.toLowerCase()}.png`, {
      12 |       fullPage: true,
        at C:\Users\angel.alvarez\IdeaProjects\PETi\tests\e2e\visual-regression.spec.js:9:16

    attachment #1: screenshot (image/png) ──────────────────────────────────────────────────────────
    test-results\visual-regression-visual-baseline-SCAN-mobile\test-failed-1.png
    ────────────────────────────────────────────────────────────────────────────────────────────────

    Error Context: test-results\visual-regression-visual-baseline-SCAN-mobile\error-context.md

    attachment #3: trace (application/zip) ─────────────────────────────────────────────────────────
    test-results\visual-regression-visual-baseline-SCAN-mobile\trace.zip
    Usage:

        npx playwright show-trace test-results\visual-regression-visual-baseline-SCAN-mobile\trace.zip

    ────────────────────────────────────────────────────────────────────────────────────────────────

  37) [mobile] › tests\e2e\visual-regression.spec.js:8:7 › visual baseline HISTORY ─────────────────

    Error: page.goto: net::ERR_NETWORK_ACCESS_DENIED at https://peti-care.web.app/?demo=1#HISTORY
    Call log:
      - navigating to "https://peti-care.web.app/?demo=1#HISTORY", waiting until "load"


       7 | for (const route of routes) {
       8 |   test(`visual baseline ${route}`, async ({ page }) => {
    >  9 |     await page.goto(`/?demo=1#${route}`);
         |                ^
      10 |     await expect(page.locator("#app")).toBeVisible();
      11 |     await expect(page).toHaveScreenshot(`${route.toLowerCase()}.png`, {
      12 |       fullPage: true,
        at C:\Users\angel.alvarez\IdeaProjects\PETi\tests\e2e\visual-regression.spec.js:9:16

    attachment #1: screenshot (image/png) ──────────────────────────────────────────────────────────
    test-results\visual-regression-visual-baseline-HISTORY-mobile\test-failed-1.png
    ────────────────────────────────────────────────────────────────────────────────────────────────

    Error Context: test-results\visual-regression-visual-baseline-HISTORY-mobile\error-context.md

    attachment #3: trace (application/zip) ─────────────────────────────────────────────────────────
    test-results\visual-regression-visual-baseline-HISTORY-mobile\trace.zip
    Usage:

        npx playwright show-trace test-results\visual-regression-visual-baseline-HISTORY-mobile\trace.zip

    ────────────────────────────────────────────────────────────────────────────────────────────────

  38) [mobile] › tests\e2e\visual-regression.spec.js:8:7 › visual baseline PROFILE ─────────────────

    Error: page.goto: net::ERR_NETWORK_ACCESS_DENIED at https://peti-care.web.app/?demo=1#PROFILE
    Call log:
      - navigating to "https://peti-care.web.app/?demo=1#PROFILE", waiting until "load"


       7 | for (const route of routes) {
       8 |   test(`visual baseline ${route}`, async ({ page }) => {
    >  9 |     await page.goto(`/?demo=1#${route}`);
         |                ^
      10 |     await expect(page.locator("#app")).toBeVisible();
      11 |     await expect(page).toHaveScreenshot(`${route.toLowerCase()}.png`, {
      12 |       fullPage: true,
        at C:\Users\angel.alvarez\IdeaProjects\PETi\tests\e2e\visual-regression.spec.js:9:16

    attachment #1: screenshot (image/png) ──────────────────────────────────────────────────────────
    test-results\visual-regression-visual-baseline-PROFILE-mobile\test-failed-1.png
    ────────────────────────────────────────────────────────────────────────────────────────────────

    Error Context: test-results\visual-regression-visual-baseline-PROFILE-mobile\error-context.md

    attachment #3: trace (application/zip) ─────────────────────────────────────────────────────────
    test-results\visual-regression-visual-baseline-PROFILE-mobile\trace.zip
    Usage:

        npx playwright show-trace test-results\visual-regression-visual-baseline-PROFILE-mobile\trace.zip

    ────────────────────────────────────────────────────────────────────────────────────────────────

  39) [mobile] › tests\e2e\visual-regression.spec.js:8:7 › visual baseline AGENTS ──────────────────

    Error: page.goto: net::ERR_NETWORK_ACCESS_DENIED at https://peti-care.web.app/?demo=1#AGENTS
    Call log:
      - navigating to "https://peti-care.web.app/?demo=1#AGENTS", waiting until "load"


       7 | for (const route of routes) {
       8 |   test(`visual baseline ${route}`, async ({ page }) => {
    >  9 |     await page.goto(`/?demo=1#${route}`);
         |                ^
      10 |     await expect(page.locator("#app")).toBeVisible();
      11 |     await expect(page).toHaveScreenshot(`${route.toLowerCase()}.png`, {
      12 |       fullPage: true,
        at C:\Users\angel.alvarez\IdeaProjects\PETi\tests\e2e\visual-regression.spec.js:9:16

    attachment #1: screenshot (image/png) ──────────────────────────────────────────────────────────
    test-results\visual-regression-visual-baseline-AGENTS-mobile\test-failed-1.png
    ────────────────────────────────────────────────────────────────────────────────────────────────

    Error Context: test-results\visual-regression-visual-baseline-AGENTS-mobile\error-context.md

    attachment #3: trace (application/zip) ─────────────────────────────────────────────────────────
    test-results\visual-regression-visual-baseline-AGENTS-mobile\trace.zip
    Usage:

        npx playwright show-trace test-results\visual-regression-visual-baseline-AGENTS-mobile\trace.zip

    ────────────────────────────────────────────────────────────────────────────────────────────────

  40) [mobile] › tests\e2e\visual-regression.spec.js:8:7 › visual baseline CARE ────────────────────

    Error: page.goto: net::ERR_NETWORK_ACCESS_DENIED at https://peti-care.web.app/?demo=1#CARE
    Call log:
      - navigating to "https://peti-care.web.app/?demo=1#CARE", waiting until "load"


       7 | for (const route of routes) {
       8 |   test(`visual baseline ${route}`, async ({ page }) => {
    >  9 |     await page.goto(`/?demo=1#${route}`);
         |                ^
      10 |     await expect(page.locator("#app")).toBeVisible();
      11 |     await expect(page).toHaveScreenshot(`${route.toLowerCase()}.png`, {
      12 |       fullPage: true,
        at C:\Users\angel.alvarez\IdeaProjects\PETi\tests\e2e\visual-regression.spec.js:9:16

    attachment #1: screenshot (image/png) ──────────────────────────────────────────────────────────
    test-results\visual-regression-visual-baseline-CARE-mobile\test-failed-1.png
    ────────────────────────────────────────────────────────────────────────────────────────────────

    Error Context: test-results\visual-regression-visual-baseline-CARE-mobile\error-context.md

    attachment #3: trace (application/zip) ─────────────────────────────────────────────────────────
    test-results\visual-regression-visual-baseline-CARE-mobile\trace.zip
    Usage:

        npx playwright show-trace test-results\visual-regression-visual-baseline-CARE-mobile\trace.zip

    ────────────────────────────────────────────────────────────────────────────────────────────────

  41) [mobile] › tests\e2e\visual-regression.spec.js:8:7 › visual baseline BODY_CHECK ──────────────

    Error: page.goto: net::ERR_NETWORK_ACCESS_DENIED at https://peti-care.web.app/?demo=1#BODY_CHECK
    Call log:
      - navigating to "https://peti-care.web.app/?demo=1#BODY_CHECK", waiting until "load"


       7 | for (const route of routes) {
       8 |   test(`visual baseline ${route}`, async ({ page }) => {
    >  9 |     await page.goto(`/?demo=1#${route}`);
         |                ^
      10 |     await expect(page.locator("#app")).toBeVisible();
      11 |     await expect(page).toHaveScreenshot(`${route.toLowerCase()}.png`, {
      12 |       fullPage: true,
        at C:\Users\angel.alvarez\IdeaProjects\PETi\tests\e2e\visual-regression.spec.js:9:16

    attachment #1: screenshot (image/png) ──────────────────────────────────────────────────────────
    test-results\visual-regression-visual-baseline-BODY-CHECK-mobile\test-failed-1.png
    ────────────────────────────────────────────────────────────────────────────────────────────────

    Error Context: test-results\visual-regression-visual-baseline-BODY-CHECK-mobile\error-context.md

    attachment #3: trace (application/zip) ─────────────────────────────────────────────────────────
    test-results\visual-regression-visual-baseline-BODY-CHECK-mobile\trace.zip
    Usage:

        npx playwright show-trace test-results\visual-regression-visual-baseline-BODY-CHECK-mobile\trace.zip

    ────────────────────────────────────────────────────────────────────────────────────────────────

  42) [mobile] › tests\e2e\visual-regression.spec.js:8:7 › visual baseline RECORDS ─────────────────

    Error: page.goto: net::ERR_NETWORK_ACCESS_DENIED at https://peti-care.web.app/?demo=1#RECORDS
    Call log:
      - navigating to "https://peti-care.web.app/?demo=1#RECORDS", waiting until "load"


       7 | for (const route of routes) {
       8 |   test(`visual baseline ${route}`, async ({ page }) => {
    >  9 |     await page.goto(`/?demo=1#${route}`);
         |                ^
      10 |     await expect(page.locator("#app")).toBeVisible();
      11 |     await expect(page).toHaveScreenshot(`${route.toLowerCase()}.png`, {
      12 |       fullPage: true,
        at C:\Users\angel.alvarez\IdeaProjects\PETi\tests\e2e\visual-regression.spec.js:9:16

    attachment #1: screenshot (image/png) ──────────────────────────────────────────────────────────
    test-results\visual-regression-visual-baseline-RECORDS-mobile\test-failed-1.png
    ────────────────────────────────────────────────────────────────────────────────────────────────

    Error Context: test-results\visual-regression-visual-baseline-RECORDS-mobile\error-context.md

    attachment #3: trace (application/zip) ─────────────────────────────────────────────────────────
    test-results\visual-regression-visual-baseline-RECORDS-mobile\trace.zip
    Usage:

        npx playwright show-trace test-results\visual-regression-visual-baseline-RECORDS-mobile\trace.zip

    ────────────────────────────────────────────────────────────────────────────────────────────────

  43) [mobile] › tests\e2e\visual-regression.spec.js:8:7 › visual baseline ASSISTANT ───────────────

    Error: page.goto: net::ERR_NETWORK_ACCESS_DENIED at https://peti-care.web.app/?demo=1#ASSISTANT
    Call log:
      - navigating to "https://peti-care.web.app/?demo=1#ASSISTANT", waiting until "load"


       7 | for (const route of routes) {
       8 |   test(`visual baseline ${route}`, async ({ page }) => {
    >  9 |     await page.goto(`/?demo=1#${route}`);
         |                ^
      10 |     await expect(page.locator("#app")).toBeVisible();
      11 |     await expect(page).toHaveScreenshot(`${route.toLowerCase()}.png`, {
      12 |       fullPage: true,
        at C:\Users\angel.alvarez\IdeaProjects\PETi\tests\e2e\visual-regression.spec.js:9:16

    attachment #1: screenshot (image/png) ──────────────────────────────────────────────────────────
    test-results\visual-regression-visual-baseline-ASSISTANT-mobile\test-failed-1.png
    ────────────────────────────────────────────────────────────────────────────────────────────────

    Error Context: test-results\visual-regression-visual-baseline-ASSISTANT-mobile\error-context.md

    attachment #3: trace (application/zip) ─────────────────────────────────────────────────────────
    test-results\visual-regression-visual-baseline-ASSISTANT-mobile\trace.zip
    Usage:

        npx playwright show-trace test-results\visual-regression-visual-baseline-ASSISTANT-mobile\trace.zip

    ────────────────────────────────────────────────────────────────────────────────────────────────

  44) [mobile] › tests\e2e\visual-regression.spec.js:8:7 › visual baseline PLANS ───────────────────

    Error: page.goto: net::ERR_NETWORK_ACCESS_DENIED at https://peti-care.web.app/?demo=1#PLANS
    Call log:
      - navigating to "https://peti-care.web.app/?demo=1#PLANS", waiting until "load"


       7 | for (const route of routes) {
       8 |   test(`visual baseline ${route}`, async ({ page }) => {
    >  9 |     await page.goto(`/?demo=1#${route}`);
         |                ^
      10 |     await expect(page.locator("#app")).toBeVisible();
      11 |     await expect(page).toHaveScreenshot(`${route.toLowerCase()}.png`, {
      12 |       fullPage: true,
        at C:\Users\angel.alvarez\IdeaProjects\PETi\tests\e2e\visual-regression.spec.js:9:16

    attachment #1: screenshot (image/png) ──────────────────────────────────────────────────────────
    test-results\visual-regression-visual-baseline-PLANS-mobile\test-failed-1.png
    ────────────────────────────────────────────────────────────────────────────────────────────────

    Error Context: test-results\visual-regression-visual-baseline-PLANS-mobile\error-context.md

    attachment #3: trace (application/zip) ─────────────────────────────────────────────────────────
    test-results\visual-regression-visual-baseline-PLANS-mobile\trace.zip
    Usage:

        npx playwright show-trace test-results\visual-regression-visual-baseline-PLANS-mobile\trace.zip

    ────────────────────────────────────────────────────────────────────────────────────────────────

  45) [mobile] › tests\e2e\visual-regression.spec.js:8:7 › visual baseline SETTINGS ────────────────

    Error: page.goto: net::ERR_NETWORK_ACCESS_DENIED at https://peti-care.web.app/?demo=1#SETTINGS
    Call log:
      - navigating to "https://peti-care.web.app/?demo=1#SETTINGS", waiting until "load"


       7 | for (const route of routes) {
       8 |   test(`visual baseline ${route}`, async ({ page }) => {
    >  9 |     await page.goto(`/?demo=1#${route}`);
         |                ^
      10 |     await expect(page.locator("#app")).toBeVisible();
      11 |     await expect(page).toHaveScreenshot(`${route.toLowerCase()}.png`, {
      12 |       fullPage: true,
        at C:\Users\angel.alvarez\IdeaProjects\PETi\tests\e2e\visual-regression.spec.js:9:16

    attachment #1: screenshot (image/png) ──────────────────────────────────────────────────────────
    test-results\visual-regression-visual-baseline-SETTINGS-mobile\test-failed-1.png
    ────────────────────────────────────────────────────────────────────────────────────────────────

    Error Context: test-results\visual-regression-visual-baseline-SETTINGS-mobile\error-context.md

    attachment #3: trace (application/zip) ─────────────────────────────────────────────────────────
    test-results\visual-regression-visual-baseline-SETTINGS-mobile\trace.zip
    Usage:

        npx playwright show-trace test-results\visual-regression-visual-baseline-SETTINGS-mobile\trace.zip

    ────────────────────────────────────────────────────────────────────────────────────────────────

  46) [mobile] › tests\e2e\visual-regression.spec.js:8:7 › visual baseline FEEDBACK ────────────────

    Error: page.goto: net::ERR_NETWORK_ACCESS_DENIED at https://peti-care.web.app/?demo=1#FEEDBACK
    Call log:
      - navigating to "https://peti-care.web.app/?demo=1#FEEDBACK", waiting until "load"


       7 | for (const route of routes) {
       8 |   test(`visual baseline ${route}`, async ({ page }) => {
    >  9 |     await page.goto(`/?demo=1#${route}`);
         |                ^
      10 |     await expect(page.locator("#app")).toBeVisible();
      11 |     await expect(page).toHaveScreenshot(`${route.toLowerCase()}.png`, {
      12 |       fullPage: true,
        at C:\Users\angel.alvarez\IdeaProjects\PETi\tests\e2e\visual-regression.spec.js:9:16

    attachment #1: screenshot (image/png) ──────────────────────────────────────────────────────────
    test-results\visual-regression-visual-baseline-FEEDBACK-mobile\test-failed-1.png
    ────────────────────────────────────────────────────────────────────────────────────────────────

    Error Context: test-results\visual-regression-visual-baseline-FEEDBACK-mobile\error-context.md

    attachment #3: trace (application/zip) ─────────────────────────────────────────────────────────
    test-results\visual-regression-visual-baseline-FEEDBACK-mobile\trace.zip
    Usage:

        npx playwright show-trace test-results\visual-regression-visual-baseline-FEEDBACK-mobile\trace.zip

    ────────────────────────────────────────────────────────────────────────────────────────────────

  47) [mobile] › tests\e2e\visual-regression.spec.js:8:7 › visual baseline COLLABORATION ───────────

    Error: page.goto: net::ERR_NETWORK_ACCESS_DENIED at https://peti-care.web.app/?demo=1#COLLABORATION
    Call log:
      - navigating to "https://peti-care.web.app/?demo=1#COLLABORATION", waiting until "load"


       7 | for (const route of routes) {
       8 |   test(`visual baseline ${route}`, async ({ page }) => {
    >  9 |     await page.goto(`/?demo=1#${route}`);
         |                ^
      10 |     await expect(page.locator("#app")).toBeVisible();
      11 |     await expect(page).toHaveScreenshot(`${route.toLowerCase()}.png`, {
      12 |       fullPage: true,
        at C:\Users\angel.alvarez\IdeaProjects\PETi\tests\e2e\visual-regression.spec.js:9:16

    attachment #1: screenshot (image/png) ──────────────────────────────────────────────────────────
    test-results\visual-regression-visual-baseline-COLLABORATION-mobile\test-failed-1.png
    ────────────────────────────────────────────────────────────────────────────────────────────────

    Error Context: test-results\visual-regression-visual-baseline-COLLABORATION-mobile\error-context.md

    attachment #3: trace (application/zip) ─────────────────────────────────────────────────────────
    test-results\visual-regression-visual-baseline-COLLABORATION-mobile\trace.zip
    Usage:

        npx playwright show-trace test-results\visual-regression-visual-baseline-COLLABORATION-mobile\trace.zip

    ────────────────────────────────────────────────────────────────────────────────────────────────

  48) [mobile] › tests\e2e\visual-regression.spec.js:8:7 › visual baseline LIBRARY ─────────────────

    Error: page.goto: net::ERR_NETWORK_ACCESS_DENIED at https://peti-care.web.app/?demo=1#LIBRARY
    Call log:
      - navigating to "https://peti-care.web.app/?demo=1#LIBRARY", waiting until "load"


       7 | for (const route of routes) {
       8 |   test(`visual baseline ${route}`, async ({ page }) => {
    >  9 |     await page.goto(`/?demo=1#${route}`);
         |                ^
      10 |     await expect(page.locator("#app")).toBeVisible();
      11 |     await expect(page).toHaveScreenshot(`${route.toLowerCase()}.png`, {
      12 |       fullPage: true,
        at C:\Users\angel.alvarez\IdeaProjects\PETi\tests\e2e\visual-regression.spec.js:9:16

    attachment #1: screenshot (image/png) ──────────────────────────────────────────────────────────
    test-results\visual-regression-visual-baseline-LIBRARY-mobile\test-failed-1.png
    ────────────────────────────────────────────────────────────────────────────────────────────────

    Error Context: test-results\visual-regression-visual-baseline-LIBRARY-mobile\error-context.md

    attachment #3: trace (application/zip) ─────────────────────────────────────────────────────────
    test-results\visual-regression-visual-baseline-LIBRARY-mobile\trace.zip
    Usage:

        npx playwright show-trace test-results\visual-regression-visual-baseline-LIBRARY-mobile\trace.zip

    ────────────────────────────────────────────────────────────────────────────────────────────────

  49) [mobile] › tests\e2e\visual-regression.spec.js:8:7 › visual baseline ADMIN ───────────────────

    Error: page.goto: net::ERR_NETWORK_ACCESS_DENIED at https://peti-care.web.app/?demo=1#ADMIN
    Call log:
      - navigating to "https://peti-care.web.app/?demo=1#ADMIN", waiting until "load"


       7 | for (const route of routes) {
       8 |   test(`visual baseline ${route}`, async ({ page }) => {
    >  9 |     await page.goto(`/?demo=1#${route}`);
         |                ^
      10 |     await expect(page.locator("#app")).toBeVisible();
      11 |     await expect(page).toHaveScreenshot(`${route.toLowerCase()}.png`, {
      12 |       fullPage: true,
        at C:\Users\angel.alvarez\IdeaProjects\PETi\tests\e2e\visual-regression.spec.js:9:16

    attachment #1: screenshot (image/png) ──────────────────────────────────────────────────────────
    test-results\visual-regression-visual-baseline-ADMIN-mobile\test-failed-1.png
    ────────────────────────────────────────────────────────────────────────────────────────────────

    Error Context: test-results\visual-regression-visual-baseline-ADMIN-mobile\error-context.md

    attachment #3: trace (application/zip) ─────────────────────────────────────────────────────────
    test-results\visual-regression-visual-baseline-ADMIN-mobile\trace.zip
    Usage:

        npx playwright show-trace test-results\visual-regression-visual-baseline-ADMIN-mobile\trace.zip

    ────────────────────────────────────────────────────────────────────────────────────────────────

  50) [mobile] › tests\e2e\visual-regression.spec.js:21:5 › golden retriever fixture loads and is accepted by the demo image flow 

    Error: page.goto: net::ERR_NETWORK_ACCESS_DENIED at https://peti-care.web.app/?demo=1#SCAN
    Call log:
      - navigating to "https://peti-care.web.app/?demo=1#SCAN", waiting until "load"


      20 |
      21 | test("golden retriever fixture loads and is accepted by the demo image flow", async ({ page }) => {
    > 22 |   await page.goto("/?demo=1#SCAN");
         |              ^
      23 |   const picker = page.locator("#file-picker");
      24 |   await page.getByRole("button", { name: /Foto/ }).click();
      25 |   await picker.setInputFiles(fixture);
        at C:\Users\angel.alvarez\IdeaProjects\PETi\tests\e2e\visual-regression.spec.js:22:14

    attachment #1: screenshot (image/png) ──────────────────────────────────────────────────────────
    test-results\visual-regression-golden-r-7b191-pted-by-the-demo-image-flow-mobile\test-failed-1.png
    ────────────────────────────────────────────────────────────────────────────────────────────────

    Error Context: test-results\visual-regression-golden-r-7b191-pted-by-the-demo-image-flow-mobile\error-context.md

    attachment #3: trace (application/zip) ─────────────────────────────────────────────────────────
    test-results\visual-regression-golden-r-7b191-pted-by-the-demo-image-flow-mobile\trace.zip
    Usage:

        npx playwright show-trace test-results\visual-regression-golden-r-7b191-pted-by-the-demo-image-flow-mobile\trace.zip

    ────────────────────────────────────────────────────────────────────────────────────────────────

  51) [mobile] › tests\e2e\visual-regression.spec.js:36:5 › demo exercises two synthetic pets with five observations each 

    Error: page.goto: net::ERR_NETWORK_ACCESS_DENIED at https://peti-care.web.app/?demo=1#SCAN
    Call log:
      - navigating to "https://peti-care.web.app/?demo=1#SCAN", waiting until "load"


      35 |
      36 | test("demo exercises two synthetic pets with five observations each", async ({ page }) => {
    > 37 |   await page.goto("/?demo=1#SCAN");
         |              ^
      38 |   const picker = page.locator("#file-picker");
      39 |   const pets = [
      40 |     { id: "demo-luna", name: "Luna", files: ["luna-healthy-01.jpg", "luna-healthy-02.jpg", "luna-healthy-03.jpg", "luna-healthy-04.jpg", "luna-healthy-05.jpg"] },
        at C:\Users\angel.alvarez\IdeaProjects\PETi\tests\e2e\visual-regression.spec.js:37:14

    attachment #1: screenshot (image/png) ──────────────────────────────────────────────────────────
    test-results\visual-regression-demo-exe-ab6b8-with-five-observations-each-mobile\test-failed-1.png
    ────────────────────────────────────────────────────────────────────────────────────────────────

    Error Context: test-results\visual-regression-demo-exe-ab6b8-with-five-observations-each-mobile\error-context.md

    attachment #3: trace (application/zip) ─────────────────────────────────────────────────────────
    test-results\visual-regression-demo-exe-ab6b8-with-five-observations-each-mobile\trace.zip
    Usage:

        npx playwright show-trace test-results\visual-regression-demo-exe-ab6b8-with-five-observations-each-mobile\trace.zip

    ────────────────────────────────────────────────────────────────────────────────────────────────

  51 failed
    [desktop] › tests\e2e\visual-regression.spec.js:8:7 › visual baseline HOME ─────────────────────
    [desktop] › tests\e2e\visual-regression.spec.js:8:7 › visual baseline SCAN ─────────────────────
    [desktop] › tests\e2e\visual-regression.spec.js:8:7 › visual baseline HISTORY ──────────────────
    [desktop] › tests\e2e\visual-regression.spec.js:8:7 › visual baseline PROFILE ──────────────────
    [desktop] › tests\e2e\visual-regression.spec.js:8:7 › visual baseline AGENTS ───────────────────
    [desktop] › tests\e2e\visual-regression.spec.js:8:7 › visual baseline CARE ─────────────────────
    [desktop] › tests\e2e\visual-regression.spec.js:8:7 › visual baseline BODY_CHECK ───────────────
    [desktop] › tests\e2e\visual-regression.spec.js:8:7 › visual baseline RECORDS ──────────────────
    [desktop] › tests\e2e\visual-regression.spec.js:8:7 › visual baseline ASSISTANT ────────────────
    [desktop] › tests\e2e\visual-regression.spec.js:8:7 › visual baseline PLANS ────────────────────
    [desktop] › tests\e2e\visual-regression.spec.js:8:7 › visual baseline SETTINGS ─────────────────
    [desktop] › tests\e2e\visual-regression.spec.js:8:7 › visual baseline FEEDBACK ─────────────────
    [desktop] › tests\e2e\visual-regression.spec.js:8:7 › visual baseline COLLABORATION ────────────
    [desktop] › tests\e2e\visual-regression.spec.js:8:7 › visual baseline LIBRARY ──────────────────
    [desktop] › tests\e2e\visual-regression.spec.js:8:7 › visual baseline ADMIN ────────────────────
    [desktop] › tests\e2e\visual-regression.spec.js:21:5 › golden retriever fixture loads and is accepted by the demo image flow 
    [desktop] › tests\e2e\visual-regression.spec.js:36:5 › demo exercises two synthetic pets with five observations each 
    [tablet] › tests\e2e\visual-regression.spec.js:8:7 › visual baseline HOME ──────────────────────
    [tablet] › tests\e2e\visual-regression.spec.js:8:7 › visual baseline SCAN ──────────────────────
    [tablet] › tests\e2e\visual-regression.spec.js:8:7 › visual baseline HISTORY ───────────────────
    [tablet] › tests\e2e\visual-regression.spec.js:8:7 › visual baseline PROFILE ───────────────────
    [tablet] › tests\e2e\visual-regression.spec.js:8:7 › visual baseline AGENTS ────────────────────
    [tablet] › tests\e2e\visual-regression.spec.js:8:7 › visual baseline CARE ──────────────────────
    [tablet] › tests\e2e\visual-regression.spec.js:8:7 › visual baseline BODY_CHECK ────────────────
    [tablet] › tests\e2e\visual-regression.spec.js:8:7 › visual baseline RECORDS ───────────────────
    [tablet] › tests\e2e\visual-regression.spec.js:8:7 › visual baseline ASSISTANT ─────────────────
    [tablet] › tests\e2e\visual-regression.spec.js:8:7 › visual baseline PLANS ─────────────────────
    [tablet] › tests\e2e\visual-regression.spec.js:8:7 › visual baseline SETTINGS ──────────────────
    [tablet] › tests\e2e\visual-regression.spec.js:8:7 › visual baseline FEEDBACK ──────────────────
    [tablet] › tests\e2e\visual-regression.spec.js:8:7 › visual baseline COLLABORATION ─────────────
    [tablet] › tests\e2e\visual-regression.spec.js:8:7 › visual baseline LIBRARY ───────────────────
    [tablet] › tests\e2e\visual-regression.spec.js:8:7 › visual baseline ADMIN ─────────────────────
    [tablet] › tests\e2e\visual-regression.spec.js:21:5 › golden retriever fixture loads and is accepted by the demo image flow 
    [tablet] › tests\e2e\visual-regression.spec.js:36:5 › demo exercises two synthetic pets with five observations each 
    [mobile] › tests\e2e\visual-regression.spec.js:8:7 › visual baseline HOME ──────────────────────
    [mobile] › tests\e2e\visual-regression.spec.js:8:7 › visual baseline SCAN ──────────────────────
    [mobile] › tests\e2e\visual-regression.spec.js:8:7 › visual baseline HISTORY ───────────────────
    [mobile] › tests\e2e\visual-regression.spec.js:8:7 › visual baseline PROFILE ───────────────────
    [mobile] › tests\e2e\visual-regression.spec.js:8:7 › visual baseline AGENTS ────────────────────
    [mobile] › tests\e2e\visual-regression.spec.js:8:7 › visual baseline CARE ──────────────────────
    [mobile] › tests\e2e\visual-regression.spec.js:8:7 › visual baseline BODY_CHECK ────────────────
    [mobile] › tests\e2e\visual-regression.spec.js:8:7 › visual baseline RECORDS ───────────────────
    [mobile] › tests\e2e\visual-regression.spec.js:8:7 › visual baseline ASSISTANT ─────────────────
    [mobile] › tests\e2e\visual-regression.spec.js:8:7 › visual baseline PLANS ─────────────────────
    [mobile] › tests\e2e\visual-regression.spec.js:8:7 › visual baseline SETTINGS ──────────────────
    [mobile] › tests\e2e\visual-regression.spec.js:8:7 › visual baseline FEEDBACK ──────────────────
    [mobile] › tests\e2e\visual-regression.spec.js:8:7 › visual baseline COLLABORATION ─────────────
    [mobile] › tests\e2e\visual-regression.spec.js:8:7 › visual baseline LIBRARY ───────────────────
    [mobile] › tests\e2e\visual-regression.spec.js:8:7 › visual baseline ADMIN ─────────────────────
    [mobile] › tests\e2e\visual-regression.spec.js:21:5 › golden retriever fixture loads and is accepted by the demo image flow 
    [mobile] › tests\e2e\visual-regression.spec.js:36:5 › demo exercises two synthetic pets with five observations each 
